Archive member included because of file (symbol)

c:/program files (x86)/atmel/avr tools/avr toolchain/bin/../lib/gcc/avr/4.5.1/avr5\libgcc.a(_udivmodqi4.o)
                              rtc.o (__udivmodqi4)
c:/program files (x86)/atmel/avr tools/avr toolchain/bin/../lib/gcc/avr/4.5.1/avr5\libgcc.a(_exit.o)
                              c:/program files (x86)/atmel/avr tools/avr toolchain/bin/../lib/gcc/avr/4.5.1/../../../../avr/lib/avr5/crtm328p.o (exit)
c:/program files (x86)/atmel/avr tools/avr toolchain/bin/../lib/gcc/avr/4.5.1/avr5\libgcc.a(_copy_data.o)
                              UART.o (__do_copy_data)
c:/program files (x86)/atmel/avr tools/avr toolchain/bin/../lib/gcc/avr/4.5.1/avr5\libgcc.a(_clear_bss.o)
                              Sonar.o (__do_clear_bss)
c:/program files (x86)/atmel/avr tools/avr toolchain/bin/../lib/gcc/avr/4.5.1/avr5\libgcc.a(_fixunssfsi.o)
                              Sonar.o (__fixunssfsi)
c:/program files (x86)/atmel/avr tools/avr toolchain/bin/../lib/gcc/avr/4.5.1/avr5\libgcc.a(_addsub_sf.o)
                              Sonar.o (__addsf3)
c:/program files (x86)/atmel/avr tools/avr toolchain/bin/../lib/gcc/avr/4.5.1/avr5\libgcc.a(_mul_sf.o)
                              Sonar.o (__mulsf3)
c:/program files (x86)/atmel/avr tools/avr toolchain/bin/../lib/gcc/avr/4.5.1/avr5\libgcc.a(_div_sf.o)
                              Sonar.o (__divsf3)
c:/program files (x86)/atmel/avr tools/avr toolchain/bin/../lib/gcc/avr/4.5.1/avr5\libgcc.a(_ge_sf.o)
                              c:/program files (x86)/atmel/avr tools/avr toolchain/bin/../lib/gcc/avr/4.5.1/avr5\libgcc.a(_fixunssfsi.o) (__gesf2)
c:/program files (x86)/atmel/avr tools/avr toolchain/bin/../lib/gcc/avr/4.5.1/avr5\libgcc.a(_sf_to_si.o)
                              c:/program files (x86)/atmel/avr tools/avr toolchain/bin/../lib/gcc/avr/4.5.1/avr5\libgcc.a(_fixunssfsi.o) (__fixsfsi)
c:/program files (x86)/atmel/avr tools/avr toolchain/bin/../lib/gcc/avr/4.5.1/avr5\libgcc.a(_thenan_sf.o)
                              c:/program files (x86)/atmel/avr tools/avr toolchain/bin/../lib/gcc/avr/4.5.1/avr5\libgcc.a(_addsub_sf.o) (__thenan_sf)
c:/program files (x86)/atmel/avr tools/avr toolchain/bin/../lib/gcc/avr/4.5.1/avr5\libgcc.a(_usi_to_sf.o)
                              Sonar.o (__floatunsisf)
c:/program files (x86)/atmel/avr tools/avr toolchain/bin/../lib/gcc/avr/4.5.1/avr5\libgcc.a(_prologue.o)
                              c:/program files (x86)/atmel/avr tools/avr toolchain/bin/../lib/gcc/avr/4.5.1/avr5\libgcc.a(_addsub_sf.o) (__prologue_saves__)
c:/program files (x86)/atmel/avr tools/avr toolchain/bin/../lib/gcc/avr/4.5.1/avr5\libgcc.a(_epilogue.o)
                              c:/program files (x86)/atmel/avr tools/avr toolchain/bin/../lib/gcc/avr/4.5.1/avr5\libgcc.a(_addsub_sf.o) (__epilogue_restores__)
c:/program files (x86)/atmel/avr tools/avr toolchain/bin/../lib/gcc/avr/4.5.1/avr5\libgcc.a(_clzsi2.o)
                              c:/program files (x86)/atmel/avr tools/avr toolchain/bin/../lib/gcc/avr/4.5.1/avr5\libgcc.a(_usi_to_sf.o) (__clzsi2)
c:/program files (x86)/atmel/avr tools/avr toolchain/bin/../lib/gcc/avr/4.5.1/avr5\libgcc.a(_pack_sf.o)
                              c:/program files (x86)/atmel/avr tools/avr toolchain/bin/../lib/gcc/avr/4.5.1/avr5\libgcc.a(_addsub_sf.o) (__pack_f)
c:/program files (x86)/atmel/avr tools/avr toolchain/bin/../lib/gcc/avr/4.5.1/avr5\libgcc.a(_unpack_sf.o)
                              c:/program files (x86)/atmel/avr tools/avr toolchain/bin/../lib/gcc/avr/4.5.1/avr5\libgcc.a(_addsub_sf.o) (__unpack_f)
c:/program files (x86)/atmel/avr tools/avr toolchain/bin/../lib/gcc/avr/4.5.1/avr5\libgcc.a(_fpcmp_parts_sf.o)
                              c:/program files (x86)/atmel/avr tools/avr toolchain/bin/../lib/gcc/avr/4.5.1/avr5\libgcc.a(_ge_sf.o) (__fpcmp_parts_f)
c:/program files (x86)/atmel/avr tools/avr toolchain/bin/../lib/gcc/avr/4.5.1/avr5\libgcc.a(_clz.o)
                              c:/program files (x86)/atmel/avr tools/avr toolchain/bin/../lib/gcc/avr/4.5.1/avr5\libgcc.a(_clzsi2.o) (__clz_tab)
c:/program files (x86)/atmel/avr tools/avr toolchain/bin/../lib/gcc/avr/4.5.1/../../../../avr/lib/avr5\libc.a(atoi.o)
                              rtc_startup.o (atoi)
c:/program files (x86)/atmel/avr tools/avr toolchain/bin/../lib/gcc/avr/4.5.1/../../../../avr/lib/avr5\libc.a(strtok.o)
                              rtc_startup.o (strtok)
c:/program files (x86)/atmel/avr tools/avr toolchain/bin/../lib/gcc/avr/4.5.1/../../../../avr/lib/avr5\libc.a(strtok_r.o)
                              c:/program files (x86)/atmel/avr tools/avr toolchain/bin/../lib/gcc/avr/4.5.1/../../../../avr/lib/avr5\libc.a(strtok.o) (strtok_r)
c:/program files (x86)/atmel/avr tools/avr toolchain/bin/../lib/gcc/avr/4.5.1/../../../../avr/lib/avr5\libc.a(mul10.o)
                              c:/program files (x86)/atmel/avr tools/avr toolchain/bin/../lib/gcc/avr/4.5.1/../../../../avr/lib/avr5\libc.a(atoi.o) (__mulhi_const_10)
c:/program files (x86)/atmel/avr tools/avr toolchain/bin/../lib/gcc/avr/4.5.1/../../../../avr/lib/avr5\libc.a(iob.o)
                              UART.o (__iob)
c:/program files (x86)/atmel/avr tools/avr toolchain/bin/../lib/gcc/avr/4.5.1/../../../../avr/lib/avr5\libc.a(printf.o)
                              EEPROM.o (printf)
c:/program files (x86)/atmel/avr tools/avr toolchain/bin/../lib/gcc/avr/4.5.1/../../../../avr/lib/avr5\libc.a(puts.o)
                              Wakeups.o (puts)
c:/program files (x86)/atmel/avr tools/avr toolchain/bin/../lib/gcc/avr/4.5.1/../../../../avr/lib/avr5\libc.a(sqrt.o)
                              Sonar.o (sqrt)
c:/program files (x86)/atmel/avr tools/avr toolchain/bin/../lib/gcc/avr/4.5.1/../../../../avr/lib/avr5\libc.a(vfprintf_std.o)
                              c:/program files (x86)/atmel/avr tools/avr toolchain/bin/../lib/gcc/avr/4.5.1/../../../../avr/lib/avr5\libc.a(printf.o) (vfprintf)
c:/program files (x86)/atmel/avr tools/avr toolchain/bin/../lib/gcc/avr/4.5.1/../../../../avr/lib/avr5\libc.a(eerd_byte_atmega328p.o)
                              App.o (__eerd_byte_m328p)
c:/program files (x86)/atmel/avr tools/avr toolchain/bin/../lib/gcc/avr/4.5.1/../../../../avr/lib/avr5\libc.a(eeupd_byte_atmega328p.o)
                              App.o (__eeupd_byte_m328p)
c:/program files (x86)/atmel/avr tools/avr toolchain/bin/../lib/gcc/avr/4.5.1/../../../../avr/lib/avr5\libc.a(strnlen_P.o)
                              c:/program files (x86)/atmel/avr tools/avr toolchain/bin/../lib/gcc/avr/4.5.1/../../../../avr/lib/avr5\libc.a(vfprintf_std.o) (strnlen_P)
c:/program files (x86)/atmel/avr tools/avr toolchain/bin/../lib/gcc/avr/4.5.1/../../../../avr/lib/avr5\libc.a(strnlen.o)
                              c:/program files (x86)/atmel/avr tools/avr toolchain/bin/../lib/gcc/avr/4.5.1/../../../../avr/lib/avr5\libc.a(vfprintf_std.o) (strnlen)
c:/program files (x86)/atmel/avr tools/avr toolchain/bin/../lib/gcc/avr/4.5.1/../../../../avr/lib/avr5\libc.a(fputc.o)
                              c:/program files (x86)/atmel/avr tools/avr toolchain/bin/../lib/gcc/avr/4.5.1/../../../../avr/lib/avr5\libc.a(vfprintf_std.o) (fputc)
c:/program files (x86)/atmel/avr tools/avr toolchain/bin/../lib/gcc/avr/4.5.1/../../../../avr/lib/avr5\libc.a(ultoa_invert.o)
                              c:/program files (x86)/atmel/avr tools/avr toolchain/bin/../lib/gcc/avr/4.5.1/../../../../avr/lib/avr5\libc.a(vfprintf_std.o) (__ultoa_invert)
c:/program files (x86)/atmel/avr tools/avr toolchain/bin/../lib/gcc/avr/4.5.1/../../../../avr/lib/avr5\libc.a(fp_mpack.o)
                              c:/program files (x86)/atmel/avr tools/avr toolchain/bin/../lib/gcc/avr/4.5.1/../../../../avr/lib/avr5\libc.a(sqrt.o) (__fp_mpack)
c:/program files (x86)/atmel/avr tools/avr toolchain/bin/../lib/gcc/avr/4.5.1/../../../../avr/lib/avr5\libc.a(fp_nan.o)
                              c:/program files (x86)/atmel/avr tools/avr toolchain/bin/../lib/gcc/avr/4.5.1/../../../../avr/lib/avr5\libc.a(sqrt.o) (__fp_nan)
c:/program files (x86)/atmel/avr tools/avr toolchain/bin/../lib/gcc/avr/4.5.1/../../../../avr/lib/avr5\libc.a(fp_norm2.o)
                              c:/program files (x86)/atmel/avr tools/avr toolchain/bin/../lib/gcc/avr/4.5.1/../../../../avr/lib/avr5\libc.a(sqrt.o) (__fp_norm2)
c:/program files (x86)/atmel/avr tools/avr toolchain/bin/../lib/gcc/avr/4.5.1/../../../../avr/lib/avr5\libc.a(fp_split3.o)
                              c:/program files (x86)/atmel/avr tools/avr toolchain/bin/../lib/gcc/avr/4.5.1/../../../../avr/lib/avr5\libc.a(sqrt.o) (__fp_splitA)

Allocating common symbols
Common symbol       size              file

user_onRequest      0x2               twi.o
input               0x14              rtc_startup.o
ptr                 0x2               rtc_startup.o
i                   0x1               rtc_startup.o
rxBuffer            0x20              twi.o
txBuffer            0x20              twi.o
_tm                 0x13              rtc.o
__iob               0x6               c:/program files (x86)/atmel/avr tools/avr toolchain/bin/../lib/gcc/avr/4.5.1/../../../../avr/lib/avr5\libc.a(iob.o)
user_onReceive      0x2               twi.o

Memory Configuration

Name             Origin             Length             Attributes
text             0x00000000         0x00020000         xr
data             0x00800060         0x0000ffa0         rw !x
eeprom           0x00810000         0x00010000         rw !x
fuse             0x00820000         0x00000400         rw !x
lock             0x00830000         0x00000400         rw !x
signature        0x00840000         0x00000400         rw !x
*default*        0x00000000         0xffffffff

Linker script and memory map

Address of section .data set to 0x800100
LOAD c:/program files (x86)/atmel/avr tools/avr toolchain/bin/../lib/gcc/avr/4.5.1/../../../../avr/lib/avr5/crtm328p.o
LOAD main.o
LOAD UART.o
LOAD Sonar.o
LOAD ADC.o
LOAD EEPROM.o
LOAD Wakeups.o
LOAD App.o
LOAD twi.o
LOAD twi-lowlevel.o
LOAD rtc.o
LOAD rtc_startup.o
LOAD c:/program files (x86)/atmel/avr tools/avr toolchain/bin/../lib/gcc/avr/4.5.1/../../../../avr/lib\libso.a
LOAD c:/program files (x86)/atmel/avr tools/avr toolchain/bin/../lib/gcc/avr/4.5.1/avr5\libgcc.a
LOAD c:/program files (x86)/atmel/avr tools/avr toolchain/bin/../lib/gcc/avr/4.5.1/../../../../avr/lib/avr5\libc.a
LOAD c:/program files (x86)/atmel/avr tools/avr toolchain/bin/../lib/gcc/avr/4.5.1/avr5\libgcc.a

.hash
 *(.hash)

.dynsym
 *(.dynsym)

.dynstr
 *(.dynstr)

.gnu.version
 *(.gnu.version)

.gnu.version_d
 *(.gnu.version_d)

.gnu.version_r
 *(.gnu.version_r)

.rel.init
 *(.rel.init)

.rela.init
 *(.rela.init)

.rel.text
 *(.rel.text)
 *(.rel.text.*)
 *(.rel.gnu.linkonce.t*)

.rela.text
 *(.rela.text)
 *(.rela.text.*)
 *(.rela.gnu.linkonce.t*)

.rel.fini
 *(.rel.fini)

.rela.fini
 *(.rela.fini)

.rel.rodata
 *(.rel.rodata)
 *(.rel.rodata.*)
 *(.rel.gnu.linkonce.r*)

.rela.rodata
 *(.rela.rodata)
 *(.rela.rodata.*)
 *(.rela.gnu.linkonce.r*)

.rel.data
 *(.rel.data)
 *(.rel.data.*)
 *(.rel.gnu.linkonce.d*)

.rela.data
 *(.rela.data)
 *(.rela.data.*)
 *(.rela.gnu.linkonce.d*)

.rel.ctors
 *(.rel.ctors)

.rela.ctors
 *(.rela.ctors)

.rel.dtors
 *(.rel.dtors)

.rela.dtors
 *(.rela.dtors)

.rel.got
 *(.rel.got)

.rela.got
 *(.rela.got)

.rel.bss
 *(.rel.bss)

.rela.bss
 *(.rela.bss)

.rel.plt
 *(.rel.plt)

.rela.plt
 *(.rela.plt)

.text           0x00000000     0x2ffe
 *(.vectors)
 .vectors       0x00000000       0x68 c:/program files (x86)/atmel/avr tools/avr toolchain/bin/../lib/gcc/avr/4.5.1/../../../../avr/lib/avr5/crtm328p.o
                0x00000000                __vector_default
                0x00000000                __vectors
 *(.vectors)
 *(.progmem.gcc*)
 *(.progmem*)
                0x00000068                . = ALIGN (0x2)
                0x00000068                __trampolines_start = .
 *(.trampolines)
 .trampolines   0x00000068        0x0 linker stubs
 *(.trampolines*)
                0x00000068                __trampolines_end = .
 *(.jumptables)
 *(.jumptables*)
 *(.lowtext)
 *(.lowtext*)
                0x00000068                __ctors_start = .
 *(.ctors)
                0x00000068                __ctors_end = .
                0x00000068                __dtors_start = .
 *(.dtors)
                0x00000068                __dtors_end = .
 SORT(*)(.ctors)
 SORT(*)(.dtors)
 *(.init0)
 .init0         0x00000068        0x0 c:/program files (x86)/atmel/avr tools/avr toolchain/bin/../lib/gcc/avr/4.5.1/../../../../avr/lib/avr5/crtm328p.o
                0x00000068                __init
 *(.init0)
 *(.init1)
 *(.init1)
 *(.init2)
 .init2         0x00000068        0xc c:/program files (x86)/atmel/avr tools/avr toolchain/bin/../lib/gcc/avr/4.5.1/../../../../avr/lib/avr5/crtm328p.o
 *(.init2)
 *(.init3)
 .init3         0x00000074       0x12 Wakeups.o
                0x00000074                wdt_init
 *(.init3)
 *(.init4)
 .init4         0x00000086       0x16 c:/program files (x86)/atmel/avr tools/avr toolchain/bin/../lib/gcc/avr/4.5.1/avr5\libgcc.a(_copy_data.o)
                0x00000086                __do_copy_data
 .init4         0x0000009c       0x10 c:/program files (x86)/atmel/avr tools/avr toolchain/bin/../lib/gcc/avr/4.5.1/avr5\libgcc.a(_clear_bss.o)
                0x0000009c                __do_clear_bss
 *(.init4)
 *(.init5)
 *(.init5)
 *(.init6)
 *(.init6)
 *(.init7)
 *(.init7)
 *(.init8)
 *(.init8)
 *(.init9)
 .init9         0x000000ac        0x8 c:/program files (x86)/atmel/avr tools/avr toolchain/bin/../lib/gcc/avr/4.5.1/../../../../avr/lib/avr5/crtm328p.o
 *(.init9)
 *(.text)
 .text          0x000000b4        0x4 c:/program files (x86)/atmel/avr tools/avr toolchain/bin/../lib/gcc/avr/4.5.1/../../../../avr/lib/avr5/crtm328p.o
                0x000000b4                __vector_22
                0x000000b4                __vector_1
                0x000000b4                __vector_12
                0x000000b4                __bad_interrupt
                0x000000b4                __vector_6
                0x000000b4                __vector_3
                0x000000b4                __vector_23
                0x000000b4                __vector_25
                0x000000b4                __vector_11
                0x000000b4                __vector_13
                0x000000b4                __vector_17
                0x000000b4                __vector_19
                0x000000b4                __vector_7
                0x000000b4                __vector_9
                0x000000b4                __vector_2
                0x000000b4                __vector_15
                0x000000b4                __vector_8
                0x000000b4                __vector_14
                0x000000b4                __vector_16
                0x000000b4                __vector_18
                0x000000b4                __vector_20
 .text          0x000000b8       0x78 main.o
                0x000000b8                main
 .text          0x00000130       0x4e UART.o
                0x00000130                uart_init
                0x00000154                usart_tx
                0x00000162                usart_putchar_printf
 .text          0x0000017e      0x152 Sonar.o
                0x0000017e                sonar_init
                0x0000018e                send_pulse
                0x000001a2                get_time
                0x000001d4                set_offset
                0x000001d6                get_offset
                0x000001da                calc_distance
                0x00000272                __vector_10
 .text          0x000002d0      0x19c ADC.o
                0x000002d0                adc_init
                0x000002ec                change_channel
                0x00000330                single_conversion
                0x00000352                get_temp
                0x00000396                get_raw_data
                0x000003be                __vector_21
 .text          0x0000046c      0x19e EEPROM.o
                0x0000046c                EEPROM_write
                0x0000047c                save_timestamp
                0x000004ce                EEPROM_read
                0x000004dc                load_timestamps
                0x0000050c                transfer_timestamp
                0x0000054c                return_eeprom
                0x000005e8                clear_eeprom
 .text          0x0000060a       0x9a Wakeups.o
                0x0000060a                wakeups_init
                0x0000061e                __vector_4
                0x0000068a                __vector_5
 .text          0x000006a4      0x3c6 App.o
                0x000006a4                app_init
                0x0000072e                app_reset
                0x0000075c                app_config
                0x00000780                op_stop
                0x000007e8                op_sleep
                0x0000089a                op_button
                0x000008a0                op_mute
                0x000008b0                debug
                0x0000094a                op_normal
                0x0000099c                send_package
 .text          0x00000a6a      0x1d8 twi.o
                0x00000a6a                onReceiveService
                0x00000aba                onRequestService
                0x00000ad2                twi_init_master
                0x00000ae8                twi_init_slave
                0x00000b02                twi_request_from
                0x00000b1c                twi_begin_transmission
                0x00000b30                twi_end_transmission
                0x00000b50                twi_send_byte
                0x00000b9a                twi_send
                0x00000be8                twi_send_char
                0x00000c00                twi_available
                0x00000c0c                twi_receive
                0x00000c2e                twi_set_on_receive
                0x00000c38                twi_set_on_request
 .text          0x00000c42      0x43a twi-lowlevel.o
                0x00000c42                twi_init
                0x00000c64                twi_setAddress
                0x00000c6c                twi_readFrom
                0x00000cd8                twi_writeTo
                0x00000d58                twi_transmit
                0x00000d8c                twi_attachSlaveRxEvent
                0x00000d96                twi_attachSlaveTxEvent
                0x00000da0                twi_reply
                0x00000db0                twi_stop
                0x00000dc4                twi_releaseBus
                0x00000dd0                __vector_24
 .text          0x0000107c      0x982 rtc.o
                0x0000107c                dec2bcd
                0x0000108a                bcd2dec
                0x000010a0                rtc_read_byte
                0x000010c4                rtc_write_byte
                0x000010f6                rtc_init
                0x00001152                rtc_is_ds1307
                0x00001158                rtc_is_ds3231
                0x0000115e                rtc_set_ds1307
                0x0000116a                rtc_set_ds3231
                0x00001176                rtc_get_time
                0x000012b2                rtc_get_time_s
                0x00001374                rtc_set_time
                0x000013fe                rtc_set_time_s
                0x0000144e                rtc_run_clock
                0x00001472                rtc_is_clock_running
                0x0000148c                ds3231_get_temp_int
                0x000014f4                rtc_force_temp_conversion
                0x00001562                rtc_get_sram_byte
                0x00001588                rtc_get_sram
                0x000015b6                rtc_set_sram_byte
                0x000015ea                rtc_set_sram
                0x00001618                rtc_SQW_enable
                0x0000169e                rtc_SQW_set_freq
                0x0000171e                rtc_osc32kHz_enable
                0x0000176e                rtc_reset_alarm
                0x000017ca                rtc_set_alarm_s
                0x00001888                rtc_set_alarm
                0x0000189c                rtc_get_alarm_s
                0x00001920                rtc_get_alarm
                0x0000196e                rtc_check_alarm
 .text          0x000019fe      0x144 rtc_startup.o
                0x000019fe                string_to_int
                0x00001a92                init_alarms
                0x00001b08                init_time
 .text          0x00001b42        0x0 c:/program files (x86)/atmel/avr tools/avr toolchain/bin/../lib/gcc/avr/4.5.1/avr5\libgcc.a(_udivmodqi4.o)
 .text          0x00001b42        0x0 c:/program files (x86)/atmel/avr tools/avr toolchain/bin/../lib/gcc/avr/4.5.1/avr5\libgcc.a(_exit.o)
 .text          0x00001b42        0x0 c:/program files (x86)/atmel/avr tools/avr toolchain/bin/../lib/gcc/avr/4.5.1/avr5\libgcc.a(_copy_data.o)
 .text          0x00001b42        0x0 c:/program files (x86)/atmel/avr tools/avr toolchain/bin/../lib/gcc/avr/4.5.1/avr5\libgcc.a(_clear_bss.o)
 .text          0x00001b42       0x58 c:/program files (x86)/atmel/avr tools/avr toolchain/bin/../lib/gcc/avr/4.5.1/avr5\libgcc.a(_fixunssfsi.o)
                0x00001b42                __fixunssfsi
 .text          0x00001b9a      0x350 c:/program files (x86)/atmel/avr tools/avr toolchain/bin/../lib/gcc/avr/4.5.1/avr5\libgcc.a(_addsub_sf.o)
                0x00001e2e                __addsf3
                0x00001e88                __subsf3
 .text          0x00001eea      0x1f4 c:/program files (x86)/atmel/avr tools/avr toolchain/bin/../lib/gcc/avr/4.5.1/avr5\libgcc.a(_mul_sf.o)
                0x00001eea                __mulsf3
 .text          0x000020de      0x15c c:/program files (x86)/atmel/avr tools/avr toolchain/bin/../lib/gcc/avr/4.5.1/avr5\libgcc.a(_div_sf.o)
                0x000020de                __divsf3
 .text          0x0000223a       0x60 c:/program files (x86)/atmel/avr tools/avr toolchain/bin/../lib/gcc/avr/4.5.1/avr5\libgcc.a(_ge_sf.o)
                0x0000223a                __gesf2
 .text          0x0000229a       0xa4 c:/program files (x86)/atmel/avr tools/avr toolchain/bin/../lib/gcc/avr/4.5.1/avr5\libgcc.a(_sf_to_si.o)
                0x0000229a                __fixsfsi
 .text          0x0000233e        0x0 c:/program files (x86)/atmel/avr tools/avr toolchain/bin/../lib/gcc/avr/4.5.1/avr5\libgcc.a(_thenan_sf.o)
 .text          0x0000233e       0xf0 c:/program files (x86)/atmel/avr tools/avr toolchain/bin/../lib/gcc/avr/4.5.1/avr5\libgcc.a(_usi_to_sf.o)
                0x0000233e                __floatunsisf
 .text          0x0000242e        0x0 c:/program files (x86)/atmel/avr tools/avr toolchain/bin/../lib/gcc/avr/4.5.1/avr5\libgcc.a(_prologue.o)
 .text          0x0000242e        0x0 c:/program files (x86)/atmel/avr tools/avr toolchain/bin/../lib/gcc/avr/4.5.1/avr5\libgcc.a(_epilogue.o)
 .text          0x0000242e       0xb4 c:/program files (x86)/atmel/avr tools/avr toolchain/bin/../lib/gcc/avr/4.5.1/avr5\libgcc.a(_clzsi2.o)
                0x0000242e                __clzsi2
 .text          0x000024e2      0x19c c:/program files (x86)/atmel/avr tools/avr toolchain/bin/../lib/gcc/avr/4.5.1/avr5\libgcc.a(_pack_sf.o)
                0x000024e2                __pack_f
 .text          0x0000267e       0xd2 c:/program files (x86)/atmel/avr tools/avr toolchain/bin/../lib/gcc/avr/4.5.1/avr5\libgcc.a(_unpack_sf.o)
                0x0000267e                __unpack_f
 .text          0x00002750       0xb2 c:/program files (x86)/atmel/avr tools/avr toolchain/bin/../lib/gcc/avr/4.5.1/avr5\libgcc.a(_fpcmp_parts_sf.o)
                0x00002750                __fpcmp_parts_f
 .text          0x00002802        0x0 c:/program files (x86)/atmel/avr tools/avr toolchain/bin/../lib/gcc/avr/4.5.1/avr5\libgcc.a(_clz.o)
 .text          0x00002802        0x0 c:/program files (x86)/atmel/avr tools/avr toolchain/bin/../lib/gcc/avr/4.5.1/../../../../avr/lib/avr5\libc.a(atoi.o)
 .text          0x00002802        0x0 c:/program files (x86)/atmel/avr tools/avr toolchain/bin/../lib/gcc/avr/4.5.1/../../../../avr/lib/avr5\libc.a(strtok.o)
 .text          0x00002802        0x0 c:/program files (x86)/atmel/avr tools/avr toolchain/bin/../lib/gcc/avr/4.5.1/../../../../avr/lib/avr5\libc.a(strtok_r.o)
 .text          0x00002802        0x0 c:/program files (x86)/atmel/avr tools/avr toolchain/bin/../lib/gcc/avr/4.5.1/../../../../avr/lib/avr5\libc.a(mul10.o)
 .text          0x00002802        0x0 c:/program files (x86)/atmel/avr tools/avr toolchain/bin/../lib/gcc/avr/4.5.1/../../../../avr/lib/avr5\libc.a(iob.o)
 .text          0x00002802        0x0 c:/program files (x86)/atmel/avr tools/avr toolchain/bin/../lib/gcc/avr/4.5.1/../../../../avr/lib/avr5\libc.a(printf.o)
 .text          0x00002802        0x0 c:/program files (x86)/atmel/avr tools/avr toolchain/bin/../lib/gcc/avr/4.5.1/../../../../avr/lib/avr5\libc.a(puts.o)
 .text          0x00002802        0x0 c:/program files (x86)/atmel/avr tools/avr toolchain/bin/../lib/gcc/avr/4.5.1/../../../../avr/lib/avr5\libc.a(sqrt.o)
 .text          0x00002802        0x0 c:/program files (x86)/atmel/avr tools/avr toolchain/bin/../lib/gcc/avr/4.5.1/../../../../avr/lib/avr5\libc.a(vfprintf_std.o)
 .text          0x00002802        0x0 c:/program files (x86)/atmel/avr tools/avr toolchain/bin/../lib/gcc/avr/4.5.1/../../../../avr/lib/avr5\libc.a(eerd_byte_atmega328p.o)
 .text          0x00002802        0x0 c:/program files (x86)/atmel/avr tools/avr toolchain/bin/../lib/gcc/avr/4.5.1/../../../../avr/lib/avr5\libc.a(eeupd_byte_atmega328p.o)
 .text          0x00002802        0x0 c:/program files (x86)/atmel/avr tools/avr toolchain/bin/../lib/gcc/avr/4.5.1/../../../../avr/lib/avr5\libc.a(strnlen_P.o)
 .text          0x00002802        0x0 c:/program files (x86)/atmel/avr tools/avr toolchain/bin/../lib/gcc/avr/4.5.1/../../../../avr/lib/avr5\libc.a(strnlen.o)
 .text          0x00002802        0x0 c:/program files (x86)/atmel/avr tools/avr toolchain/bin/../lib/gcc/avr/4.5.1/../../../../avr/lib/avr5\libc.a(fputc.o)
 .text          0x00002802        0x0 c:/program files (x86)/atmel/avr tools/avr toolchain/bin/../lib/gcc/avr/4.5.1/../../../../avr/lib/avr5\libc.a(ultoa_invert.o)
 .text          0x00002802        0x0 c:/program files (x86)/atmel/avr tools/avr toolchain/bin/../lib/gcc/avr/4.5.1/../../../../avr/lib/avr5\libc.a(fp_mpack.o)
 .text          0x00002802        0x0 c:/program files (x86)/atmel/avr tools/avr toolchain/bin/../lib/gcc/avr/4.5.1/../../../../avr/lib/avr5\libc.a(fp_nan.o)
 .text          0x00002802        0x0 c:/program files (x86)/atmel/avr tools/avr toolchain/bin/../lib/gcc/avr/4.5.1/../../../../avr/lib/avr5\libc.a(fp_norm2.o)
 .text          0x00002802        0x0 c:/program files (x86)/atmel/avr tools/avr toolchain/bin/../lib/gcc/avr/4.5.1/../../../../avr/lib/avr5\libc.a(fp_split3.o)
                0x00002802                . = ALIGN (0x2)
 *(.text.*)
 .text.libgcc   0x00002802       0x18 c:/program files (x86)/atmel/avr tools/avr toolchain/bin/../lib/gcc/avr/4.5.1/avr5\libgcc.a(_udivmodqi4.o)
                0x00002802                __udivmodqi4
 .text.libgcc   0x0000281a        0x0 c:/program files (x86)/atmel/avr tools/avr toolchain/bin/../lib/gcc/avr/4.5.1/avr5\libgcc.a(_exit.o)
 .text.libgcc   0x0000281a        0x0 c:/program files (x86)/atmel/avr tools/avr toolchain/bin/../lib/gcc/avr/4.5.1/avr5\libgcc.a(_copy_data.o)
 .text.libgcc   0x0000281a        0x0 c:/program files (x86)/atmel/avr tools/avr toolchain/bin/../lib/gcc/avr/4.5.1/avr5\libgcc.a(_clear_bss.o)
 .text.libgcc   0x0000281a       0x38 c:/program files (x86)/atmel/avr tools/avr toolchain/bin/../lib/gcc/avr/4.5.1/avr5\libgcc.a(_prologue.o)
                0x0000281a                __prologue_saves__
 .text.libgcc   0x00002852       0x36 c:/program files (x86)/atmel/avr tools/avr toolchain/bin/../lib/gcc/avr/4.5.1/avr5\libgcc.a(_epilogue.o)
                0x00002852                __epilogue_restores__
 .text.avr-libc
                0x00002888       0x3c c:/program files (x86)/atmel/avr tools/avr toolchain/bin/../lib/gcc/avr/4.5.1/../../../../avr/lib/avr5\libc.a(atoi.o)
                0x00002888                atoi
 .text.avr-libc
                0x000028c4        0xa c:/program files (x86)/atmel/avr tools/avr toolchain/bin/../lib/gcc/avr/4.5.1/../../../../avr/lib/avr5\libc.a(strtok.o)
                0x000028c4                strtok
 .text.avr-libc
                0x000028ce       0x4e c:/program files (x86)/atmel/avr tools/avr toolchain/bin/../lib/gcc/avr/4.5.1/../../../../avr/lib/avr5\libc.a(strtok_r.o)
                0x000028ce                strtok_r
 .text.avr-libc
                0x0000291c       0x10 c:/program files (x86)/atmel/avr tools/avr toolchain/bin/../lib/gcc/avr/4.5.1/../../../../avr/lib/avr5\libc.a(mul10.o)
                0x0000291c                __mulhi_const_10
 .text.avr-libc
                0x0000292c       0x2a c:/program files (x86)/atmel/avr tools/avr toolchain/bin/../lib/gcc/avr/4.5.1/../../../../avr/lib/avr5\libc.a(printf.o)
                0x0000292c                printf
 .text.avr-libc
                0x00002956       0x6a c:/program files (x86)/atmel/avr tools/avr toolchain/bin/../lib/gcc/avr/4.5.1/../../../../avr/lib/avr5\libc.a(puts.o)
                0x00002956                puts
 .text.avr-libc.fplib
                0x000029c0       0x84 c:/program files (x86)/atmel/avr tools/avr toolchain/bin/../lib/gcc/avr/4.5.1/../../../../avr/lib/avr5\libc.a(sqrt.o)
                0x000029c8                sqrt
 .text.avr-libc
                0x00002a44      0x3ce c:/program files (x86)/atmel/avr tools/avr toolchain/bin/../lib/gcc/avr/4.5.1/../../../../avr/lib/avr5\libc.a(vfprintf_std.o)
                0x00002a44                vfprintf
 .text.avr-libc
                0x00002e12       0x10 c:/program files (x86)/atmel/avr tools/avr toolchain/bin/../lib/gcc/avr/4.5.1/../../../../avr/lib/avr5\libc.a(eerd_byte_atmega328p.o)
                0x00002e12                __eerd_byte_m328p
 .text.avr-libc
                0x00002e22       0x24 c:/program files (x86)/atmel/avr tools/avr toolchain/bin/../lib/gcc/avr/4.5.1/../../../../avr/lib/avr5\libc.a(eeupd_byte_atmega328p.o)
                0x00002e22                __eeupd_byte_m328p
                0x00002e24                __eeupd_r18_m328p
 .text.avr-libc
                0x00002e46       0x16 c:/program files (x86)/atmel/avr tools/avr toolchain/bin/../lib/gcc/avr/4.5.1/../../../../avr/lib/avr5\libc.a(strnlen_P.o)
                0x00002e46                strnlen_P
 .text.avr-libc
                0x00002e5c       0x16 c:/program files (x86)/atmel/avr tools/avr toolchain/bin/../lib/gcc/avr/4.5.1/../../../../avr/lib/avr5\libc.a(strnlen.o)
                0x00002e5c                strnlen
 .text.avr-libc
                0x00002e72       0x58 c:/program files (x86)/atmel/avr tools/avr toolchain/bin/../lib/gcc/avr/4.5.1/../../../../avr/lib/avr5\libc.a(fputc.o)
                0x00002e72                fputc
 .text.avr-libc
                0x00002eca       0xbc c:/program files (x86)/atmel/avr tools/avr toolchain/bin/../lib/gcc/avr/4.5.1/../../../../avr/lib/avr5\libc.a(ultoa_invert.o)
                0x00002eca                __ultoa_invert
 .text.avr-libc.fplib
                0x00002f86       0x1c c:/program files (x86)/atmel/avr tools/avr toolchain/bin/../lib/gcc/avr/4.5.1/../../../../avr/lib/avr5\libc.a(fp_mpack.o)
                0x00002f86                __fp_mpack
                0x00002f8a                __fp_mpack_finite
 .text.avr-libc.fplib
                0x00002fa2        0x6 c:/program files (x86)/atmel/avr tools/avr toolchain/bin/../lib/gcc/avr/4.5.1/../../../../avr/lib/avr5\libc.a(fp_nan.o)
                0x00002fa2                __fp_nan
 .text.avr-libc.fplib
                0x00002fa8        0xe c:/program files (x86)/atmel/avr tools/avr toolchain/bin/../lib/gcc/avr/4.5.1/../../../../avr/lib/avr5\libc.a(fp_norm2.o)
                0x00002fa8                __fp_norm2
 .text.avr-libc.fplib
                0x00002fb6       0x44 c:/program files (x86)/atmel/avr tools/avr toolchain/bin/../lib/gcc/avr/4.5.1/../../../../avr/lib/avr5\libc.a(fp_split3.o)
                0x00002fb6                __fp_split3
                0x00002fc6                __fp_splitA
                0x00002ffa                . = ALIGN (0x2)
 *(.fini9)
 .fini9         0x00002ffa        0x0 c:/program files (x86)/atmel/avr tools/avr toolchain/bin/../lib/gcc/avr/4.5.1/avr5\libgcc.a(_exit.o)
                0x00002ffa                _exit
                0x00002ffa                exit
 *(.fini9)
 *(.fini8)
 *(.fini8)
 *(.fini7)
 *(.fini7)
 *(.fini6)
 *(.fini6)
 *(.fini5)
 *(.fini5)
 *(.fini4)
 *(.fini4)
 *(.fini3)
 *(.fini3)
 *(.fini2)
 *(.fini2)
 *(.fini1)
 *(.fini1)
 *(.fini0)
 .fini0         0x00002ffa        0x4 c:/program files (x86)/atmel/avr tools/avr toolchain/bin/../lib/gcc/avr/4.5.1/avr5\libgcc.a(_exit.o)
 *(.fini0)
                0x00002ffe                _etext = .

.data           0x00800100      0x250 load address 0x00002ffe
                0x00800100                PROVIDE (__data_start, .)
 *(.data)
 .data          0x00800100        0x0 c:/program files (x86)/atmel/avr tools/avr toolchain/bin/../lib/gcc/avr/4.5.1/../../../../avr/lib/avr5/crtm328p.o
 .data          0x00800100        0x0 main.o
 .data          0x00800100        0xe UART.o
 .data          0x0080010e        0x0 Sonar.o
 .data          0x0080010e        0x0 ADC.o
 .data          0x0080010e       0x22 EEPROM.o
 .data          0x00800130        0x8 Wakeups.o
                0x00800137                d
 .data          0x00800138       0xb8 App.o
                0x008001e9                min_voltages
                0x008001ed                health
 .data          0x008001f0        0x0 twi.o
 .data          0x008001f0        0x0 twi-lowlevel.o
 .data          0x008001f0        0x0 rtc.o
 .data          0x008001f0       0x58 rtc_startup.o
                0x00800246                delimiter
 .data          0x00800248        0x0 c:/program files (x86)/atmel/avr tools/avr toolchain/bin/../lib/gcc/avr/4.5.1/avr5\libgcc.a(_udivmodqi4.o)
 .data          0x00800248        0x0 c:/program files (x86)/atmel/avr tools/avr toolchain/bin/../lib/gcc/avr/4.5.1/avr5\libgcc.a(_exit.o)
 .data          0x00800248        0x0 c:/program files (x86)/atmel/avr tools/avr toolchain/bin/../lib/gcc/avr/4.5.1/avr5\libgcc.a(_copy_data.o)
 .data          0x00800248        0x0 c:/program files (x86)/atmel/avr tools/avr toolchain/bin/../lib/gcc/avr/4.5.1/avr5\libgcc.a(_clear_bss.o)
 .data          0x00800248        0x0 c:/program files (x86)/atmel/avr tools/avr toolchain/bin/../lib/gcc/avr/4.5.1/avr5\libgcc.a(_fixunssfsi.o)
 .data          0x00800248        0x0 c:/program files (x86)/atmel/avr tools/avr toolchain/bin/../lib/gcc/avr/4.5.1/avr5\libgcc.a(_addsub_sf.o)
 .data          0x00800248        0x0 c:/program files (x86)/atmel/avr tools/avr toolchain/bin/../lib/gcc/avr/4.5.1/avr5\libgcc.a(_mul_sf.o)
 .data          0x00800248        0x0 c:/program files (x86)/atmel/avr tools/avr toolchain/bin/../lib/gcc/avr/4.5.1/avr5\libgcc.a(_div_sf.o)
 .data          0x00800248        0x0 c:/program files (x86)/atmel/avr tools/avr toolchain/bin/../lib/gcc/avr/4.5.1/avr5\libgcc.a(_ge_sf.o)
 .data          0x00800248        0x0 c:/program files (x86)/atmel/avr tools/avr toolchain/bin/../lib/gcc/avr/4.5.1/avr5\libgcc.a(_sf_to_si.o)
 .data          0x00800248        0x8 c:/program files (x86)/atmel/avr tools/avr toolchain/bin/../lib/gcc/avr/4.5.1/avr5\libgcc.a(_thenan_sf.o)
                0x00800248                __thenan_sf
 .data          0x00800250        0x0 c:/program files (x86)/atmel/avr tools/avr toolchain/bin/../lib/gcc/avr/4.5.1/avr5\libgcc.a(_usi_to_sf.o)
 .data          0x00800250        0x0 c:/program files (x86)/atmel/avr tools/avr toolchain/bin/../lib/gcc/avr/4.5.1/avr5\libgcc.a(_prologue.o)
 .data          0x00800250        0x0 c:/program files (x86)/atmel/avr tools/avr toolchain/bin/../lib/gcc/avr/4.5.1/avr5\libgcc.a(_epilogue.o)
 .data          0x00800250        0x0 c:/program files (x86)/atmel/avr tools/avr toolchain/bin/../lib/gcc/avr/4.5.1/avr5\libgcc.a(_clzsi2.o)
 .data          0x00800250        0x0 c:/program files (x86)/atmel/avr tools/avr toolchain/bin/../lib/gcc/avr/4.5.1/avr5\libgcc.a(_pack_sf.o)
 .data          0x00800250        0x0 c:/program files (x86)/atmel/avr tools/avr toolchain/bin/../lib/gcc/avr/4.5.1/avr5\libgcc.a(_unpack_sf.o)
 .data          0x00800250        0x0 c:/program files (x86)/atmel/avr tools/avr toolchain/bin/../lib/gcc/avr/4.5.1/avr5\libgcc.a(_fpcmp_parts_sf.o)
 .data          0x00800250      0x100 c:/program files (x86)/atmel/avr tools/avr toolchain/bin/../lib/gcc/avr/4.5.1/avr5\libgcc.a(_clz.o)
                0x00800250                __clz_tab
 .data          0x00800350        0x0 c:/program files (x86)/atmel/avr tools/avr toolchain/bin/../lib/gcc/avr/4.5.1/../../../../avr/lib/avr5\libc.a(atoi.o)
 .data          0x00800350        0x0 c:/program files (x86)/atmel/avr tools/avr toolchain/bin/../lib/gcc/avr/4.5.1/../../../../avr/lib/avr5\libc.a(strtok.o)
 .data          0x00800350        0x0 c:/program files (x86)/atmel/avr tools/avr toolchain/bin/../lib/gcc/avr/4.5.1/../../../../avr/lib/avr5\libc.a(strtok_r.o)
 .data          0x00800350        0x0 c:/program files (x86)/atmel/avr tools/avr toolchain/bin/../lib/gcc/avr/4.5.1/../../../../avr/lib/avr5\libc.a(mul10.o)
 .data          0x00800350        0x0 c:/program files (x86)/atmel/avr tools/avr toolchain/bin/../lib/gcc/avr/4.5.1/../../../../avr/lib/avr5\libc.a(iob.o)
 .data          0x00800350        0x0 c:/program files (x86)/atmel/avr tools/avr toolchain/bin/../lib/gcc/avr/4.5.1/../../../../avr/lib/avr5\libc.a(printf.o)
 .data          0x00800350        0x0 c:/program files (x86)/atmel/avr tools/avr toolchain/bin/../lib/gcc/avr/4.5.1/../../../../avr/lib/avr5\libc.a(puts.o)
 .data          0x00800350        0x0 c:/program files (x86)/atmel/avr tools/avr toolchain/bin/../lib/gcc/avr/4.5.1/../../../../avr/lib/avr5\libc.a(sqrt.o)
 .data          0x00800350        0x0 c:/program files (x86)/atmel/avr tools/avr toolchain/bin/../lib/gcc/avr/4.5.1/../../../../avr/lib/avr5\libc.a(vfprintf_std.o)
 .data          0x00800350        0x0 c:/program files (x86)/atmel/avr tools/avr toolchain/bin/../lib/gcc/avr/4.5.1/../../../../avr/lib/avr5\libc.a(eerd_byte_atmega328p.o)
 .data          0x00800350        0x0 c:/program files (x86)/atmel/avr tools/avr toolchain/bin/../lib/gcc/avr/4.5.1/../../../../avr/lib/avr5\libc.a(eeupd_byte_atmega328p.o)
 .data          0x00800350        0x0 c:/program files (x86)/atmel/avr tools/avr toolchain/bin/../lib/gcc/avr/4.5.1/../../../../avr/lib/avr5\libc.a(strnlen_P.o)
 .data          0x00800350        0x0 c:/program files (x86)/atmel/avr tools/avr toolchain/bin/../lib/gcc/avr/4.5.1/../../../../avr/lib/avr5\libc.a(strnlen.o)
 .data          0x00800350        0x0 c:/program files (x86)/atmel/avr tools/avr toolchain/bin/../lib/gcc/avr/4.5.1/../../../../avr/lib/avr5\libc.a(fputc.o)
 .data          0x00800350        0x0 c:/program files (x86)/atmel/avr tools/avr toolchain/bin/../lib/gcc/avr/4.5.1/../../../../avr/lib/avr5\libc.a(ultoa_invert.o)
 .data          0x00800350        0x0 c:/program files (x86)/atmel/avr tools/avr toolchain/bin/../lib/gcc/avr/4.5.1/../../../../avr/lib/avr5\libc.a(fp_mpack.o)
 .data          0x00800350        0x0 c:/program files (x86)/atmel/avr tools/avr toolchain/bin/../lib/gcc/avr/4.5.1/../../../../avr/lib/avr5\libc.a(fp_nan.o)
 .data          0x00800350        0x0 c:/program files (x86)/atmel/avr tools/avr toolchain/bin/../lib/gcc/avr/4.5.1/../../../../avr/lib/avr5\libc.a(fp_norm2.o)
 .data          0x00800350        0x0 c:/program files (x86)/atmel/avr tools/avr toolchain/bin/../lib/gcc/avr/4.5.1/../../../../avr/lib/avr5\libc.a(fp_split3.o)
 *(.data*)
 *(.rodata)
 *(.rodata*)
 *(.gnu.linkonce.d*)
                0x00800350                . = ALIGN (0x2)
                0x00800350                _edata = .
                0x00800350                PROVIDE (__data_end, .)

.bss            0x00800350      0x111
                0x00800350                PROVIDE (__bss_start, .)
 *(.bss)
 .bss           0x00800350        0x0 c:/program files (x86)/atmel/avr tools/avr toolchain/bin/../lib/gcc/avr/4.5.1/../../../../avr/lib/avr5/crtm328p.o
 .bss           0x00800350        0x0 main.o
 .bss           0x00800350        0x0 UART.o
 .bss           0x00800350        0xa Sonar.o
                0x00800350                timer_ticks
                0x00800354                time_sec
                0x00800358                offset
 .bss           0x0080035a        0xa ADC.o
                0x0080035a                battery_voltage
                0x0080035e                temperature_buff
                0x00800360                temperature
 .bss           0x00800364        0x0 EEPROM.o
 .bss           0x00800364        0x1 Wakeups.o
                0x00800364                alarm_count
 .bss           0x00800365       0x11 App.o
                0x00800365                ambient_temp
                0x00800369                distance
                0x0080036a                mute
                0x0080036b                t
                0x0080036d                hour
                0x0080036e                min
                0x0080036f                sec
                0x00800370                data_carriage
 .bss           0x00800376        0x6 twi.o
                0x00800376                rxBufferIndex
                0x00800377                rxBufferLength
                0x00800378                txAddress
                0x00800379                txBufferIndex
                0x0080037a                txBufferLength
                0x0080037b                transmitting
 .bss           0x0080037c       0x6c twi-lowlevel.o
 .bss           0x008003e8        0x2 rtc.o
 .bss           0x008003ea        0x1 rtc_startup.o
                0x008003ea                element
 .bss           0x008003eb        0x0 c:/program files (x86)/atmel/avr tools/avr toolchain/bin/../lib/gcc/avr/4.5.1/avr5\libgcc.a(_udivmodqi4.o)
 .bss           0x008003eb        0x0 c:/program files (x86)/atmel/avr tools/avr toolchain/bin/../lib/gcc/avr/4.5.1/avr5\libgcc.a(_exit.o)
 .bss           0x008003eb        0x0 c:/program files (x86)/atmel/avr tools/avr toolchain/bin/../lib/gcc/avr/4.5.1/avr5\libgcc.a(_copy_data.o)
 .bss           0x008003eb        0x0 c:/program files (x86)/atmel/avr tools/avr toolchain/bin/../lib/gcc/avr/4.5.1/avr5\libgcc.a(_clear_bss.o)
 .bss           0x008003eb        0x0 c:/program files (x86)/atmel/avr tools/avr toolchain/bin/../lib/gcc/avr/4.5.1/avr5\libgcc.a(_fixunssfsi.o)
 .bss           0x008003eb        0x0 c:/program files (x86)/atmel/avr tools/avr toolchain/bin/../lib/gcc/avr/4.5.1/avr5\libgcc.a(_addsub_sf.o)
 .bss           0x008003eb        0x0 c:/program files (x86)/atmel/avr tools/avr toolchain/bin/../lib/gcc/avr/4.5.1/avr5\libgcc.a(_mul_sf.o)
 .bss           0x008003eb        0x0 c:/program files (x86)/atmel/avr tools/avr toolchain/bin/../lib/gcc/avr/4.5.1/avr5\libgcc.a(_div_sf.o)
 .bss           0x008003eb        0x0 c:/program files (x86)/atmel/avr tools/avr toolchain/bin/../lib/gcc/avr/4.5.1/avr5\libgcc.a(_ge_sf.o)
 .bss           0x008003eb        0x0 c:/program files (x86)/atmel/avr tools/avr toolchain/bin/../lib/gcc/avr/4.5.1/avr5\libgcc.a(_sf_to_si.o)
 .bss           0x008003eb        0x0 c:/program files (x86)/atmel/avr tools/avr toolchain/bin/../lib/gcc/avr/4.5.1/avr5\libgcc.a(_thenan_sf.o)
 .bss           0x008003eb        0x0 c:/program files (x86)/atmel/avr tools/avr toolchain/bin/../lib/gcc/avr/4.5.1/avr5\libgcc.a(_usi_to_sf.o)
 .bss           0x008003eb        0x0 c:/program files (x86)/atmel/avr tools/avr toolchain/bin/../lib/gcc/avr/4.5.1/avr5\libgcc.a(_prologue.o)
 .bss           0x008003eb        0x0 c:/program files (x86)/atmel/avr tools/avr toolchain/bin/../lib/gcc/avr/4.5.1/avr5\libgcc.a(_epilogue.o)
 .bss           0x008003eb        0x0 c:/program files (x86)/atmel/avr tools/avr toolchain/bin/../lib/gcc/avr/4.5.1/avr5\libgcc.a(_clzsi2.o)
 .bss           0x008003eb        0x0 c:/program files (x86)/atmel/avr tools/avr toolchain/bin/../lib/gcc/avr/4.5.1/avr5\libgcc.a(_pack_sf.o)
 .bss           0x008003eb        0x0 c:/program files (x86)/atmel/avr tools/avr toolchain/bin/../lib/gcc/avr/4.5.1/avr5\libgcc.a(_unpack_sf.o)
 .bss           0x008003eb        0x0 c:/program files (x86)/atmel/avr tools/avr toolchain/bin/../lib/gcc/avr/4.5.1/avr5\libgcc.a(_fpcmp_parts_sf.o)
 .bss           0x008003eb        0x0 c:/program files (x86)/atmel/avr tools/avr toolchain/bin/../lib/gcc/avr/4.5.1/avr5\libgcc.a(_clz.o)
 .bss           0x008003eb        0x0 c:/program files (x86)/atmel/avr tools/avr toolchain/bin/../lib/gcc/avr/4.5.1/../../../../avr/lib/avr5\libc.a(atoi.o)
 .bss           0x008003eb        0x2 c:/program files (x86)/atmel/avr tools/avr toolchain/bin/../lib/gcc/avr/4.5.1/../../../../avr/lib/avr5\libc.a(strtok.o)
 .bss           0x008003ed        0x0 c:/program files (x86)/atmel/avr tools/avr toolchain/bin/../lib/gcc/avr/4.5.1/../../../../avr/lib/avr5\libc.a(strtok_r.o)
 .bss           0x008003ed        0x0 c:/program files (x86)/atmel/avr tools/avr toolchain/bin/../lib/gcc/avr/4.5.1/../../../../avr/lib/avr5\libc.a(mul10.o)
 .bss           0x008003ed        0x0 c:/program files (x86)/atmel/avr tools/avr toolchain/bin/../lib/gcc/avr/4.5.1/../../../../avr/lib/avr5\libc.a(iob.o)
 .bss           0x008003ed        0x0 c:/program files (x86)/atmel/avr tools/avr toolchain/bin/../lib/gcc/avr/4.5.1/../../../../avr/lib/avr5\libc.a(printf.o)
 .bss           0x008003ed        0x0 c:/program files (x86)/atmel/avr tools/avr toolchain/bin/../lib/gcc/avr/4.5.1/../../../../avr/lib/avr5\libc.a(puts.o)
 .bss           0x008003ed        0x0 c:/program files (x86)/atmel/avr tools/avr toolchain/bin/../lib/gcc/avr/4.5.1/../../../../avr/lib/avr5\libc.a(sqrt.o)
 .bss           0x008003ed        0x0 c:/program files (x86)/atmel/avr tools/avr toolchain/bin/../lib/gcc/avr/4.5.1/../../../../avr/lib/avr5\libc.a(vfprintf_std.o)
 .bss           0x008003ed        0x0 c:/program files (x86)/atmel/avr tools/avr toolchain/bin/../lib/gcc/avr/4.5.1/../../../../avr/lib/avr5\libc.a(eerd_byte_atmega328p.o)
 .bss           0x008003ed        0x0 c:/program files (x86)/atmel/avr tools/avr toolchain/bin/../lib/gcc/avr/4.5.1/../../../../avr/lib/avr5\libc.a(eeupd_byte_atmega328p.o)
 .bss           0x008003ed        0x0 c:/program files (x86)/atmel/avr tools/avr toolchain/bin/../lib/gcc/avr/4.5.1/../../../../avr/lib/avr5\libc.a(strnlen_P.o)
 .bss           0x008003ed        0x0 c:/program files (x86)/atmel/avr tools/avr toolchain/bin/../lib/gcc/avr/4.5.1/../../../../avr/lib/avr5\libc.a(strnlen.o)
 .bss           0x008003ed        0x0 c:/program files (x86)/atmel/avr tools/avr toolchain/bin/../lib/gcc/avr/4.5.1/../../../../avr/lib/avr5\libc.a(fputc.o)
 .bss           0x008003ed        0x0 c:/program files (x86)/atmel/avr tools/avr toolchain/bin/../lib/gcc/avr/4.5.1/../../../../avr/lib/avr5\libc.a(ultoa_invert.o)
 .bss           0x008003ed        0x0 c:/program files (x86)/atmel/avr tools/avr toolchain/bin/../lib/gcc/avr/4.5.1/../../../../avr/lib/avr5\libc.a(fp_mpack.o)
 .bss           0x008003ed        0x0 c:/program files (x86)/atmel/avr tools/avr toolchain/bin/../lib/gcc/avr/4.5.1/../../../../avr/lib/avr5\libc.a(fp_nan.o)
 .bss           0x008003ed        0x0 c:/program files (x86)/atmel/avr tools/avr toolchain/bin/../lib/gcc/avr/4.5.1/../../../../avr/lib/avr5\libc.a(fp_norm2.o)
 .bss           0x008003ed        0x0 c:/program files (x86)/atmel/avr tools/avr toolchain/bin/../lib/gcc/avr/4.5.1/../../../../avr/lib/avr5\libc.a(fp_split3.o)
 *(.bss*)
 *(COMMON)
 COMMON         0x008003ed       0x44 twi.o
                0x008003ed                user_onRequest
                0x008003ef                rxBuffer
                0x0080040f                txBuffer
                0x0080042f                user_onReceive
 COMMON         0x00800431       0x13 rtc.o
                0x00800431                _tm
 COMMON         0x00800444       0x17 rtc_startup.o
                0x00800444                input
                0x00800458                ptr
                0x0080045a                i
 COMMON         0x0080045b        0x6 c:/program files (x86)/atmel/avr tools/avr toolchain/bin/../lib/gcc/avr/4.5.1/../../../../avr/lib/avr5\libc.a(iob.o)
                0x0080045b                __iob
                0x00800461                PROVIDE (__bss_end, .)
                0x00002ffe                __data_load_start = LOADADDR (.data)
                0x0000324e                __data_load_end = (__data_load_start + SIZEOF (.data))

.noinit         0x00800461        0x0
                0x00800461                PROVIDE (__noinit_start, .)
 *(.noinit*)
                0x00800461                PROVIDE (__noinit_end, .)
                0x00800461                _end = .
                0x00800461                PROVIDE (__heap_start, .)

.eeprom         0x00810000        0x0
 *(.eeprom*)
                0x00810000                __eeprom_end = .

.fuse
 *(.fuse)
 *(.lfuse)
 *(.hfuse)
 *(.efuse)

.lock
 *(.lock*)

.signature
 *(.signature*)

.stab           0x00000000     0x18fc
 *(.stab)
 .stab          0x00000000      0x6cc c:/program files (x86)/atmel/avr tools/avr toolchain/bin/../lib/gcc/avr/4.5.1/../../../../avr/lib/avr5/crtm328p.o
 .stab          0x000006cc      0x174 c:/program files (x86)/atmel/avr tools/avr toolchain/bin/../lib/gcc/avr/4.5.1/../../../../avr/lib/avr5\libc.a(atoi.o)
                                0x180 (size before relaxing)
 .stab          0x00000840      0x204 c:/program files (x86)/atmel/avr tools/avr toolchain/bin/../lib/gcc/avr/4.5.1/../../../../avr/lib/avr5\libc.a(strtok_r.o)
                                0x210 (size before relaxing)
 .stab          0x00000a44       0x78 c:/program files (x86)/atmel/avr tools/avr toolchain/bin/../lib/gcc/avr/4.5.1/../../../../avr/lib/avr5\libc.a(mul10.o)
                                 0x84 (size before relaxing)
 .stab          0x00000abc      0x354 c:/program files (x86)/atmel/avr tools/avr toolchain/bin/../lib/gcc/avr/4.5.1/../../../../avr/lib/avr5\libc.a(sqrt.o)
                                0x360 (size before relaxing)
 .stab          0x00000e10       0x90 c:/program files (x86)/atmel/avr tools/avr toolchain/bin/../lib/gcc/avr/4.5.1/../../../../avr/lib/avr5\libc.a(eerd_byte_atmega328p.o)
                                 0x9c (size before relaxing)
 .stab          0x00000ea0      0x114 c:/program files (x86)/atmel/avr tools/avr toolchain/bin/../lib/gcc/avr/4.5.1/../../../../avr/lib/avr5\libc.a(eeupd_byte_atmega328p.o)
                                0x120 (size before relaxing)
 .stab          0x00000fb4       0x9c c:/program files (x86)/atmel/avr tools/avr toolchain/bin/../lib/gcc/avr/4.5.1/../../../../avr/lib/avr5\libc.a(strnlen_P.o)
                                 0xa8 (size before relaxing)
 .stab          0x00001050       0x9c c:/program files (x86)/atmel/avr tools/avr toolchain/bin/../lib/gcc/avr/4.5.1/../../../../avr/lib/avr5\libc.a(strnlen.o)
                                 0xa8 (size before relaxing)
 .stab          0x000010ec      0x480 c:/program files (x86)/atmel/avr tools/avr toolchain/bin/../lib/gcc/avr/4.5.1/../../../../avr/lib/avr5\libc.a(ultoa_invert.o)
                                0x48c (size before relaxing)
 .stab          0x0000156c       0xe4 c:/program files (x86)/atmel/avr tools/avr toolchain/bin/../lib/gcc/avr/4.5.1/../../../../avr/lib/avr5\libc.a(fp_mpack.o)
                                 0xf0 (size before relaxing)
 .stab          0x00001650       0x54 c:/program files (x86)/atmel/avr tools/avr toolchain/bin/../lib/gcc/avr/4.5.1/../../../../avr/lib/avr5\libc.a(fp_nan.o)
                                 0x60 (size before relaxing)
 .stab          0x000016a4       0x84 c:/program files (x86)/atmel/avr tools/avr toolchain/bin/../lib/gcc/avr/4.5.1/../../../../avr/lib/avr5\libc.a(fp_norm2.o)
                                 0x90 (size before relaxing)
 .stab          0x00001728      0x1d4 c:/program files (x86)/atmel/avr tools/avr toolchain/bin/../lib/gcc/avr/4.5.1/../../../../avr/lib/avr5\libc.a(fp_split3.o)
                                0x1e0 (size before relaxing)

.stabstr        0x00000000      0x58a
 *(.stabstr)
 .stabstr       0x00000000      0x58a c:/program files (x86)/atmel/avr tools/avr toolchain/bin/../lib/gcc/avr/4.5.1/../../../../avr/lib/avr5/crtm328p.o

.stab.excl
 *(.stab.excl)

.stab.exclstr
 *(.stab.exclstr)

.stab.index
 *(.stab.index)

.stab.indexstr
 *(.stab.indexstr)

.comment
 *(.comment)

.debug
 *(.debug)

.line
 *(.line)

.debug_srcinfo
 *(.debug_srcinfo)

.debug_sfnames
 *(.debug_sfnames)

.debug_aranges  0x00000000      0x368
 *(.debug_aranges)
 .debug_aranges
                0x00000000       0x20 main.o
 .debug_aranges
                0x00000020       0x20 UART.o
 .debug_aranges
                0x00000040       0x20 Sonar.o
 .debug_aranges
                0x00000060       0x20 ADC.o
 .debug_aranges
                0x00000080       0x20 EEPROM.o
 .debug_aranges
                0x000000a0       0x28 Wakeups.o
 .debug_aranges
                0x000000c8       0x20 App.o
 .debug_aranges
                0x000000e8       0x20 twi.o
 .debug_aranges
                0x00000108       0x20 twi-lowlevel.o
 .debug_aranges
                0x00000128       0x20 rtc.o
 .debug_aranges
                0x00000148       0x20 rtc_startup.o
 .debug_aranges
                0x00000168       0x20 c:/program files (x86)/atmel/avr tools/avr toolchain/bin/../lib/gcc/avr/4.5.1/avr5\libgcc.a(_fixunssfsi.o)
 .debug_aranges
                0x00000188       0x20 c:/program files (x86)/atmel/avr tools/avr toolchain/bin/../lib/gcc/avr/4.5.1/avr5\libgcc.a(_addsub_sf.o)
 .debug_aranges
                0x000001a8       0x20 c:/program files (x86)/atmel/avr tools/avr toolchain/bin/../lib/gcc/avr/4.5.1/avr5\libgcc.a(_mul_sf.o)
 .debug_aranges
                0x000001c8       0x20 c:/program files (x86)/atmel/avr tools/avr toolchain/bin/../lib/gcc/avr/4.5.1/avr5\libgcc.a(_div_sf.o)
 .debug_aranges
                0x000001e8       0x20 c:/program files (x86)/atmel/avr tools/avr toolchain/bin/../lib/gcc/avr/4.5.1/avr5\libgcc.a(_ge_sf.o)
 .debug_aranges
                0x00000208       0x20 c:/program files (x86)/atmel/avr tools/avr toolchain/bin/../lib/gcc/avr/4.5.1/avr5\libgcc.a(_sf_to_si.o)
 .debug_aranges
                0x00000228       0x20 c:/program files (x86)/atmel/avr tools/avr toolchain/bin/../lib/gcc/avr/4.5.1/avr5\libgcc.a(_usi_to_sf.o)
 .debug_aranges
                0x00000248       0x20 c:/program files (x86)/atmel/avr tools/avr toolchain/bin/../lib/gcc/avr/4.5.1/avr5\libgcc.a(_clzsi2.o)
 .debug_aranges
                0x00000268       0x20 c:/program files (x86)/atmel/avr tools/avr toolchain/bin/../lib/gcc/avr/4.5.1/avr5\libgcc.a(_pack_sf.o)
 .debug_aranges
                0x00000288       0x20 c:/program files (x86)/atmel/avr tools/avr toolchain/bin/../lib/gcc/avr/4.5.1/avr5\libgcc.a(_unpack_sf.o)
 .debug_aranges
                0x000002a8       0x20 c:/program files (x86)/atmel/avr tools/avr toolchain/bin/../lib/gcc/avr/4.5.1/avr5\libgcc.a(_fpcmp_parts_sf.o)
 .debug_aranges
                0x000002c8       0x20 c:/program files (x86)/atmel/avr tools/avr toolchain/bin/../lib/gcc/avr/4.5.1/../../../../avr/lib/avr5\libc.a(strtok.o)
 .debug_aranges
                0x000002e8       0x20 c:/program files (x86)/atmel/avr tools/avr toolchain/bin/../lib/gcc/avr/4.5.1/../../../../avr/lib/avr5\libc.a(printf.o)
 .debug_aranges
                0x00000308       0x20 c:/program files (x86)/atmel/avr tools/avr toolchain/bin/../lib/gcc/avr/4.5.1/../../../../avr/lib/avr5\libc.a(puts.o)
 .debug_aranges
                0x00000328       0x20 c:/program files (x86)/atmel/avr tools/avr toolchain/bin/../lib/gcc/avr/4.5.1/../../../../avr/lib/avr5\libc.a(vfprintf_std.o)
 .debug_aranges
                0x00000348       0x20 c:/program files (x86)/atmel/avr tools/avr toolchain/bin/../lib/gcc/avr/4.5.1/../../../../avr/lib/avr5\libc.a(fputc.o)

.debug_pubnames
                0x00000000      0xb96
 *(.debug_pubnames)
 .debug_pubnames
                0x00000000       0x1b main.o
 .debug_pubnames
                0x0000001b       0x46 UART.o
 .debug_pubnames
                0x00000061       0xa5 Sonar.o
 .debug_pubnames
                0x00000106       0xaf ADC.o
 .debug_pubnames
                0x000001b5       0x94 EEPROM.o
 .debug_pubnames
                0x00000249       0x64 Wakeups.o
 .debug_pubnames
                0x000002ad      0x10c App.o
 .debug_pubnames
                0x000003b9      0x1d6 twi.o
 .debug_pubnames
                0x0000058f       0xd8 twi-lowlevel.o
 .debug_pubnames
                0x00000667      0x259 rtc.o
 .debug_pubnames
                0x000008c0       0x74 rtc_startup.o
 .debug_pubnames
                0x00000934       0x23 c:/program files (x86)/atmel/avr tools/avr toolchain/bin/../lib/gcc/avr/4.5.1/avr5\libgcc.a(_fixunssfsi.o)
 .debug_pubnames
                0x00000957       0x2c c:/program files (x86)/atmel/avr tools/avr toolchain/bin/../lib/gcc/avr/4.5.1/avr5\libgcc.a(_addsub_sf.o)
 .debug_pubnames
                0x00000983       0x1f c:/program files (x86)/atmel/avr tools/avr toolchain/bin/../lib/gcc/avr/4.5.1/avr5\libgcc.a(_mul_sf.o)
 .debug_pubnames
                0x000009a2       0x1f c:/program files (x86)/atmel/avr tools/avr toolchain/bin/../lib/gcc/avr/4.5.1/avr5\libgcc.a(_div_sf.o)
 .debug_pubnames
                0x000009c1       0x1e c:/program files (x86)/atmel/avr tools/avr toolchain/bin/../lib/gcc/avr/4.5.1/avr5\libgcc.a(_ge_sf.o)
 .debug_pubnames
                0x000009df       0x20 c:/program files (x86)/atmel/avr tools/avr toolchain/bin/../lib/gcc/avr/4.5.1/avr5\libgcc.a(_sf_to_si.o)
 .debug_pubnames
                0x000009ff       0x22 c:/program files (x86)/atmel/avr tools/avr toolchain/bin/../lib/gcc/avr/4.5.1/avr5\libgcc.a(_thenan_sf.o)
 .debug_pubnames
                0x00000a21       0x24 c:/program files (x86)/atmel/avr tools/avr toolchain/bin/../lib/gcc/avr/4.5.1/avr5\libgcc.a(_usi_to_sf.o)
 .debug_pubnames
                0x00000a45       0x1f c:/program files (x86)/atmel/avr tools/avr toolchain/bin/../lib/gcc/avr/4.5.1/avr5\libgcc.a(_clzsi2.o)
 .debug_pubnames
                0x00000a64       0x1f c:/program files (x86)/atmel/avr tools/avr toolchain/bin/../lib/gcc/avr/4.5.1/avr5\libgcc.a(_pack_sf.o)
 .debug_pubnames
                0x00000a83       0x21 c:/program files (x86)/atmel/avr tools/avr toolchain/bin/../lib/gcc/avr/4.5.1/avr5\libgcc.a(_unpack_sf.o)
 .debug_pubnames
                0x00000aa4       0x26 c:/program files (x86)/atmel/avr tools/avr toolchain/bin/../lib/gcc/avr/4.5.1/avr5\libgcc.a(_fpcmp_parts_sf.o)
 .debug_pubnames
                0x00000aca       0x20 c:/program files (x86)/atmel/avr tools/avr toolchain/bin/../lib/gcc/avr/4.5.1/avr5\libgcc.a(_clz.o)
 .debug_pubnames
                0x00000aea       0x1d c:/program files (x86)/atmel/avr tools/avr toolchain/bin/../lib/gcc/avr/4.5.1/../../../../avr/lib/avr5\libc.a(strtok.o)
 .debug_pubnames
                0x00000b07       0x1c c:/program files (x86)/atmel/avr tools/avr toolchain/bin/../lib/gcc/avr/4.5.1/../../../../avr/lib/avr5\libc.a(iob.o)
 .debug_pubnames
                0x00000b23       0x1d c:/program files (x86)/atmel/avr tools/avr toolchain/bin/../lib/gcc/avr/4.5.1/../../../../avr/lib/avr5\libc.a(printf.o)
 .debug_pubnames
                0x00000b40       0x1b c:/program files (x86)/atmel/avr tools/avr toolchain/bin/../lib/gcc/avr/4.5.1/../../../../avr/lib/avr5\libc.a(puts.o)
 .debug_pubnames
                0x00000b5b       0x1f c:/program files (x86)/atmel/avr tools/avr toolchain/bin/../lib/gcc/avr/4.5.1/../../../../avr/lib/avr5\libc.a(vfprintf_std.o)
 .debug_pubnames
                0x00000b7a       0x1c c:/program files (x86)/atmel/avr tools/avr toolchain/bin/../lib/gcc/avr/4.5.1/../../../../avr/lib/avr5\libc.a(fputc.o)

.debug_info     0x00000000     0x4d2e
 *(.debug_info)
 .debug_info    0x00000000      0x250 main.o
 .debug_info    0x00000250      0x1e1 UART.o
 .debug_info    0x00000431      0x288 Sonar.o
 .debug_info    0x000006b9      0x1b0 ADC.o
 .debug_info    0x00000869      0x2e6 EEPROM.o
 .debug_info    0x00000b4f      0x10d Wakeups.o
 .debug_info    0x00000c5c      0x5d7 App.o
 .debug_info    0x00001233      0x45f twi.o
 .debug_info    0x00001692      0x39e twi-lowlevel.o
 .debug_info    0x00001a30      0x902 rtc.o
 .debug_info    0x00002332      0x1c3 rtc_startup.o
 .debug_info    0x000024f5       0xbd c:/program files (x86)/atmel/avr tools/avr toolchain/bin/../lib/gcc/avr/4.5.1/avr5\libgcc.a(_fixunssfsi.o)
 .debug_info    0x000025b2      0x455 c:/program files (x86)/atmel/avr tools/avr toolchain/bin/../lib/gcc/avr/4.5.1/avr5\libgcc.a(_addsub_sf.o)
 .debug_info    0x00002a07      0x3ec c:/program files (x86)/atmel/avr tools/avr toolchain/bin/../lib/gcc/avr/4.5.1/avr5\libgcc.a(_mul_sf.o)
 .debug_info    0x00002df3      0x37f c:/program files (x86)/atmel/avr tools/avr toolchain/bin/../lib/gcc/avr/4.5.1/avr5\libgcc.a(_div_sf.o)
 .debug_info    0x00003172      0x28a c:/program files (x86)/atmel/avr tools/avr toolchain/bin/../lib/gcc/avr/4.5.1/avr5\libgcc.a(_ge_sf.o)
 .debug_info    0x000033fc      0x2a5 c:/program files (x86)/atmel/avr tools/avr toolchain/bin/../lib/gcc/avr/4.5.1/avr5\libgcc.a(_sf_to_si.o)
 .debug_info    0x000036a1      0x15e c:/program files (x86)/atmel/avr tools/avr toolchain/bin/../lib/gcc/avr/4.5.1/avr5\libgcc.a(_thenan_sf.o)
 .debug_info    0x000037ff      0x232 c:/program files (x86)/atmel/avr tools/avr toolchain/bin/../lib/gcc/avr/4.5.1/avr5\libgcc.a(_usi_to_sf.o)
 .debug_info    0x00003a31      0x12c c:/program files (x86)/atmel/avr tools/avr toolchain/bin/../lib/gcc/avr/4.5.1/avr5\libgcc.a(_clzsi2.o)
 .debug_info    0x00003b5d      0x2d9 c:/program files (x86)/atmel/avr tools/avr toolchain/bin/../lib/gcc/avr/4.5.1/avr5\libgcc.a(_pack_sf.o)
 .debug_info    0x00003e36      0x25c c:/program files (x86)/atmel/avr tools/avr toolchain/bin/../lib/gcc/avr/4.5.1/avr5\libgcc.a(_unpack_sf.o)
 .debug_info    0x00004092      0x1f1 c:/program files (x86)/atmel/avr tools/avr toolchain/bin/../lib/gcc/avr/4.5.1/avr5\libgcc.a(_fpcmp_parts_sf.o)
 .debug_info    0x00004283       0xa6 c:/program files (x86)/atmel/avr tools/avr toolchain/bin/../lib/gcc/avr/4.5.1/avr5\libgcc.a(_clz.o)
 .debug_info    0x00004329       0x8e c:/program files (x86)/atmel/avr tools/avr toolchain/bin/../lib/gcc/avr/4.5.1/../../../../avr/lib/avr5\libc.a(strtok.o)
 .debug_info    0x000043b7      0x14f c:/program files (x86)/atmel/avr tools/avr toolchain/bin/../lib/gcc/avr/4.5.1/../../../../avr/lib/avr5\libc.a(iob.o)
 .debug_info    0x00004506      0x1c6 c:/program files (x86)/atmel/avr tools/avr toolchain/bin/../lib/gcc/avr/4.5.1/../../../../avr/lib/avr5\libc.a(printf.o)
 .debug_info    0x000046cc      0x1ab c:/program files (x86)/atmel/avr tools/avr toolchain/bin/../lib/gcc/avr/4.5.1/../../../../avr/lib/avr5\libc.a(puts.o)
 .debug_info    0x00004877      0x350 c:/program files (x86)/atmel/avr tools/avr toolchain/bin/../lib/gcc/avr/4.5.1/../../../../avr/lib/avr5\libc.a(vfprintf_std.o)
 .debug_info    0x00004bc7      0x167 c:/program files (x86)/atmel/avr tools/avr toolchain/bin/../lib/gcc/avr/4.5.1/../../../../avr/lib/avr5\libc.a(fputc.o)
 *(.gnu.linkonce.wi.*)

.debug_abbrev   0x00000000     0x23cd
 *(.debug_abbrev)
 .debug_abbrev  0x00000000      0x17d main.o
 .debug_abbrev  0x0000017d      0x144 UART.o
 .debug_abbrev  0x000002c1      0x179 Sonar.o
 .debug_abbrev  0x0000043a       0xdf ADC.o
 .debug_abbrev  0x00000519      0x14d EEPROM.o
 .debug_abbrev  0x00000666       0x92 Wakeups.o
 .debug_abbrev  0x000006f8      0x20d App.o
 .debug_abbrev  0x00000905      0x157 twi.o
 .debug_abbrev  0x00000a5c      0x13b twi-lowlevel.o
 .debug_abbrev  0x00000b97      0x22b rtc.o
 .debug_abbrev  0x00000dc2       0xda rtc_startup.o
 .debug_abbrev  0x00000e9c       0x5d c:/program files (x86)/atmel/avr tools/avr toolchain/bin/../lib/gcc/avr/4.5.1/avr5\libgcc.a(_fixunssfsi.o)
 .debug_abbrev  0x00000ef9      0x1af c:/program files (x86)/atmel/avr tools/avr toolchain/bin/../lib/gcc/avr/4.5.1/avr5\libgcc.a(_addsub_sf.o)
 .debug_abbrev  0x000010a8      0x1d9 c:/program files (x86)/atmel/avr tools/avr toolchain/bin/../lib/gcc/avr/4.5.1/avr5\libgcc.a(_mul_sf.o)
 .debug_abbrev  0x00001281      0x1c4 c:/program files (x86)/atmel/avr tools/avr toolchain/bin/../lib/gcc/avr/4.5.1/avr5\libgcc.a(_div_sf.o)
 .debug_abbrev  0x00001445      0x151 c:/program files (x86)/atmel/avr tools/avr toolchain/bin/../lib/gcc/avr/4.5.1/avr5\libgcc.a(_ge_sf.o)
 .debug_abbrev  0x00001596      0x160 c:/program files (x86)/atmel/avr tools/avr toolchain/bin/../lib/gcc/avr/4.5.1/avr5\libgcc.a(_sf_to_si.o)
 .debug_abbrev  0x000016f6       0xcb c:/program files (x86)/atmel/avr tools/avr toolchain/bin/../lib/gcc/avr/4.5.1/avr5\libgcc.a(_thenan_sf.o)
 .debug_abbrev  0x000017c1      0x173 c:/program files (x86)/atmel/avr tools/avr toolchain/bin/../lib/gcc/avr/4.5.1/avr5\libgcc.a(_usi_to_sf.o)
 .debug_abbrev  0x00001934       0xce c:/program files (x86)/atmel/avr tools/avr toolchain/bin/../lib/gcc/avr/4.5.1/avr5\libgcc.a(_clzsi2.o)
 .debug_abbrev  0x00001a02      0x185 c:/program files (x86)/atmel/avr tools/avr toolchain/bin/../lib/gcc/avr/4.5.1/avr5\libgcc.a(_pack_sf.o)
 .debug_abbrev  0x00001b87      0x14b c:/program files (x86)/atmel/avr tools/avr toolchain/bin/../lib/gcc/avr/4.5.1/avr5\libgcc.a(_unpack_sf.o)
 .debug_abbrev  0x00001cd2      0x10b c:/program files (x86)/atmel/avr tools/avr toolchain/bin/../lib/gcc/avr/4.5.1/avr5\libgcc.a(_fpcmp_parts_sf.o)
 .debug_abbrev  0x00001ddd       0x61 c:/program files (x86)/atmel/avr tools/avr toolchain/bin/../lib/gcc/avr/4.5.1/avr5\libgcc.a(_clz.o)
 .debug_abbrev  0x00001e3e       0x75 c:/program files (x86)/atmel/avr tools/avr toolchain/bin/../lib/gcc/avr/4.5.1/../../../../avr/lib/avr5\libc.a(strtok.o)
 .debug_abbrev  0x00001eb3       0xc5 c:/program files (x86)/atmel/avr tools/avr toolchain/bin/../lib/gcc/avr/4.5.1/../../../../avr/lib/avr5\libc.a(iob.o)
 .debug_abbrev  0x00001f78      0x11c c:/program files (x86)/atmel/avr tools/avr toolchain/bin/../lib/gcc/avr/4.5.1/../../../../avr/lib/avr5\libc.a(printf.o)
 .debug_abbrev  0x00002094      0x101 c:/program files (x86)/atmel/avr tools/avr toolchain/bin/../lib/gcc/avr/4.5.1/../../../../avr/lib/avr5\libc.a(puts.o)
 .debug_abbrev  0x00002195      0x15f c:/program files (x86)/atmel/avr tools/avr toolchain/bin/../lib/gcc/avr/4.5.1/../../../../avr/lib/avr5\libc.a(vfprintf_std.o)
 .debug_abbrev  0x000022f4       0xd9 c:/program files (x86)/atmel/avr tools/avr toolchain/bin/../lib/gcc/avr/4.5.1/../../../../avr/lib/avr5\libc.a(fputc.o)

.debug_line     0x00000000     0x42be
 *(.debug_line)
 .debug_line    0x00000000      0x1da main.o
 .debug_line    0x000001da      0x152 UART.o
 .debug_line    0x0000032c      0x23e Sonar.o
 .debug_line    0x0000056a      0x214 ADC.o
 .debug_line    0x0000077e      0x22d EEPROM.o
 .debug_line    0x000009ab      0x177 Wakeups.o
 .debug_line    0x00000b22      0x487 App.o
 .debug_line    0x00000fa9      0x32f twi.o
 .debug_line    0x000012d8      0x4a1 twi-lowlevel.o
 .debug_line    0x00001779      0xa7b rtc.o
 .debug_line    0x000021f4      0x1c0 rtc_startup.o
 .debug_line    0x000023b4       0xc9 c:/program files (x86)/atmel/avr tools/avr toolchain/bin/../lib/gcc/avr/4.5.1/avr5\libgcc.a(_fixunssfsi.o)
 .debug_line    0x0000247d      0x2ee c:/program files (x86)/atmel/avr tools/avr toolchain/bin/../lib/gcc/avr/4.5.1/avr5\libgcc.a(_addsub_sf.o)
 .debug_line    0x0000276b      0x28a c:/program files (x86)/atmel/avr tools/avr toolchain/bin/../lib/gcc/avr/4.5.1/avr5\libgcc.a(_mul_sf.o)
 .debug_line    0x000029f5      0x210 c:/program files (x86)/atmel/avr tools/avr toolchain/bin/../lib/gcc/avr/4.5.1/avr5\libgcc.a(_div_sf.o)
 .debug_line    0x00002c05      0x105 c:/program files (x86)/atmel/avr tools/avr toolchain/bin/../lib/gcc/avr/4.5.1/avr5\libgcc.a(_ge_sf.o)
 .debug_line    0x00002d0a      0x13f c:/program files (x86)/atmel/avr tools/avr toolchain/bin/../lib/gcc/avr/4.5.1/avr5\libgcc.a(_sf_to_si.o)
 .debug_line    0x00002e49       0xb2 c:/program files (x86)/atmel/avr tools/avr toolchain/bin/../lib/gcc/avr/4.5.1/avr5\libgcc.a(_thenan_sf.o)
 .debug_line    0x00002efb      0x15b c:/program files (x86)/atmel/avr tools/avr toolchain/bin/../lib/gcc/avr/4.5.1/avr5\libgcc.a(_usi_to_sf.o)
 .debug_line    0x00003056       0xef c:/program files (x86)/atmel/avr tools/avr toolchain/bin/../lib/gcc/avr/4.5.1/avr5\libgcc.a(_clzsi2.o)
 .debug_line    0x00003145      0x1f5 c:/program files (x86)/atmel/avr tools/avr toolchain/bin/../lib/gcc/avr/4.5.1/avr5\libgcc.a(_pack_sf.o)
 .debug_line    0x0000333a      0x175 c:/program files (x86)/atmel/avr tools/avr toolchain/bin/../lib/gcc/avr/4.5.1/avr5\libgcc.a(_unpack_sf.o)
 .debug_line    0x000034af      0x179 c:/program files (x86)/atmel/avr tools/avr toolchain/bin/../lib/gcc/avr/4.5.1/avr5\libgcc.a(_fpcmp_parts_sf.o)
 .debug_line    0x00003628       0x9e c:/program files (x86)/atmel/avr tools/avr toolchain/bin/../lib/gcc/avr/4.5.1/avr5\libgcc.a(_clz.o)
 .debug_line    0x000036c6       0xb5 c:/program files (x86)/atmel/avr tools/avr toolchain/bin/../lib/gcc/avr/4.5.1/../../../../avr/lib/avr5\libc.a(strtok.o)
 .debug_line    0x0000377b       0xeb c:/program files (x86)/atmel/avr tools/avr toolchain/bin/../lib/gcc/avr/4.5.1/../../../../avr/lib/avr5\libc.a(iob.o)
 .debug_line    0x00003866      0x186 c:/program files (x86)/atmel/avr tools/avr toolchain/bin/../lib/gcc/avr/4.5.1/../../../../avr/lib/avr5\libc.a(printf.o)
 .debug_line    0x000039ec      0x13e c:/program files (x86)/atmel/avr tools/avr toolchain/bin/../lib/gcc/avr/4.5.1/../../../../avr/lib/avr5\libc.a(puts.o)
 .debug_line    0x00003b2a      0x64d c:/program files (x86)/atmel/avr tools/avr toolchain/bin/../lib/gcc/avr/4.5.1/../../../../avr/lib/avr5\libc.a(vfprintf_std.o)
 .debug_line    0x00004177      0x147 c:/program files (x86)/atmel/avr tools/avr toolchain/bin/../lib/gcc/avr/4.5.1/../../../../avr/lib/avr5\libc.a(fputc.o)

.debug_frame    0x00000000      0x8d0
 *(.debug_frame)
 .debug_frame   0x00000000       0x20 main.o
 .debug_frame   0x00000020       0x40 UART.o
 .debug_frame   0x00000060       0x80 Sonar.o
 .debug_frame   0x000000e0       0x70 ADC.o
 .debug_frame   0x00000150       0x80 EEPROM.o
 .debug_frame   0x000001d0       0x50 Wakeups.o
 .debug_frame   0x00000220       0xb0 App.o
 .debug_frame   0x000002d0       0xf0 twi.o
 .debug_frame   0x000003c0       0xc0 twi-lowlevel.o
 .debug_frame   0x00000480      0x1f0 rtc.o
 .debug_frame   0x00000670       0x40 rtc_startup.o
 .debug_frame   0x000006b0       0x20 c:/program files (x86)/atmel/avr tools/avr toolchain/bin/../lib/gcc/avr/4.5.1/avr5\libgcc.a(_fixunssfsi.o)
 .debug_frame   0x000006d0       0x40 c:/program files (x86)/atmel/avr tools/avr toolchain/bin/../lib/gcc/avr/4.5.1/avr5\libgcc.a(_addsub_sf.o)
 .debug_frame   0x00000710       0x20 c:/program files (x86)/atmel/avr tools/avr toolchain/bin/../lib/gcc/avr/4.5.1/avr5\libgcc.a(_mul_sf.o)
 .debug_frame   0x00000730       0x20 c:/program files (x86)/atmel/avr tools/avr toolchain/bin/../lib/gcc/avr/4.5.1/avr5\libgcc.a(_div_sf.o)
 .debug_frame   0x00000750       0x20 c:/program files (x86)/atmel/avr tools/avr toolchain/bin/../lib/gcc/avr/4.5.1/avr5\libgcc.a(_ge_sf.o)
 .debug_frame   0x00000770       0x20 c:/program files (x86)/atmel/avr tools/avr toolchain/bin/../lib/gcc/avr/4.5.1/avr5\libgcc.a(_sf_to_si.o)
 .debug_frame   0x00000790       0x20 c:/program files (x86)/atmel/avr tools/avr toolchain/bin/../lib/gcc/avr/4.5.1/avr5\libgcc.a(_usi_to_sf.o)
 .debug_frame   0x000007b0       0x20 c:/program files (x86)/atmel/avr tools/avr toolchain/bin/../lib/gcc/avr/4.5.1/avr5\libgcc.a(_clzsi2.o)
 .debug_frame   0x000007d0       0x20 c:/program files (x86)/atmel/avr tools/avr toolchain/bin/../lib/gcc/avr/4.5.1/avr5\libgcc.a(_pack_sf.o)
 .debug_frame   0x000007f0       0x20 c:/program files (x86)/atmel/avr tools/avr toolchain/bin/../lib/gcc/avr/4.5.1/avr5\libgcc.a(_unpack_sf.o)
 .debug_frame   0x00000810       0x20 c:/program files (x86)/atmel/avr tools/avr toolchain/bin/../lib/gcc/avr/4.5.1/avr5\libgcc.a(_fpcmp_parts_sf.o)
 .debug_frame   0x00000830       0x20 c:/program files (x86)/atmel/avr tools/avr toolchain/bin/../lib/gcc/avr/4.5.1/../../../../avr/lib/avr5\libc.a(strtok.o)
 .debug_frame   0x00000850       0x20 c:/program files (x86)/atmel/avr tools/avr toolchain/bin/../lib/gcc/avr/4.5.1/../../../../avr/lib/avr5\libc.a(printf.o)
 .debug_frame   0x00000870       0x20 c:/program files (x86)/atmel/avr tools/avr toolchain/bin/../lib/gcc/avr/4.5.1/../../../../avr/lib/avr5\libc.a(puts.o)
 .debug_frame   0x00000890       0x20 c:/program files (x86)/atmel/avr tools/avr toolchain/bin/../lib/gcc/avr/4.5.1/../../../../avr/lib/avr5\libc.a(vfprintf_std.o)
 .debug_frame   0x000008b0       0x20 c:/program files (x86)/atmel/avr tools/avr toolchain/bin/../lib/gcc/avr/4.5.1/../../../../avr/lib/avr5\libc.a(fputc.o)

.debug_str      0x00000000      0xf2a
 *(.debug_str)
 .debug_str     0x00000000      0x115 main.o
                                0x14e (size before relaxing)
 .debug_str     0x00000115       0x3f UART.o
                                0x11d (size before relaxing)
 .debug_str     0x00000154       0x90 Sonar.o
                                0x1b8 (size before relaxing)
 .debug_str     0x000001e4       0x82 ADC.o
                                0x14f (size before relaxing)
 .debug_str     0x00000266       0xb8 EEPROM.o
                                0x1a1 (size before relaxing)
 .debug_str     0x0000031e       0x45 Wakeups.o
                                0x100 (size before relaxing)
 .debug_str     0x00000363       0xc2 App.o
                                0x224 (size before relaxing)
 .debug_str     0x00000425      0x159 twi.o
                                0x261 (size before relaxing)
 .debug_str     0x0000057e      0x18c twi-lowlevel.o
                                0x258 (size before relaxing)
 .debug_str     0x0000070a      0x261 rtc.o
                                0x35c (size before relaxing)
 .debug_str     0x0000096b       0x4d rtc_startup.o
                                0x111 (size before relaxing)
 .debug_str     0x000009b8       0xd7 c:/program files (x86)/atmel/avr tools/avr toolchain/bin/../lib/gcc/avr/4.5.1/avr5\libgcc.a(_fixunssfsi.o)
                                0x15c (size before relaxing)
 .debug_str     0x00000a8f      0x14f c:/program files (x86)/atmel/avr tools/avr toolchain/bin/../lib/gcc/avr/4.5.1/avr5\libgcc.a(_addsub_sf.o)
                                0x243 (size before relaxing)
 .debug_str     0x00000bde       0x27 c:/program files (x86)/atmel/avr tools/avr toolchain/bin/../lib/gcc/avr/4.5.1/avr5\libgcc.a(_mul_sf.o)
                                0x1fc (size before relaxing)
 .debug_str     0x00000c05       0x35 c:/program files (x86)/atmel/avr tools/avr toolchain/bin/../lib/gcc/avr/4.5.1/avr5\libgcc.a(_div_sf.o)
                                0x205 (size before relaxing)
 .debug_str     0x00000c3a        0x8 c:/program files (x86)/atmel/avr tools/avr toolchain/bin/../lib/gcc/avr/4.5.1/avr5\libgcc.a(_ge_sf.o)
                                0x1ca (size before relaxing)
 .debug_str     0x00000c42        0xa c:/program files (x86)/atmel/avr tools/avr toolchain/bin/../lib/gcc/avr/4.5.1/avr5\libgcc.a(_sf_to_si.o)
                                0x1d3 (size before relaxing)
 .debug_str     0x00000000      0x175 c:/program files (x86)/atmel/avr tools/avr toolchain/bin/../lib/gcc/avr/4.5.1/avr5\libgcc.a(_thenan_sf.o)
 .debug_str     0x00000c4c       0x2a c:/program files (x86)/atmel/avr tools/avr toolchain/bin/../lib/gcc/avr/4.5.1/avr5\libgcc.a(_usi_to_sf.o)
                                0x1b5 (size before relaxing)
 .debug_str     0x00000c76       0x17 c:/program files (x86)/atmel/avr tools/avr toolchain/bin/../lib/gcc/avr/4.5.1/avr5\libgcc.a(_clzsi2.o)
                                0x168 (size before relaxing)
 .debug_str     0x00000c8d       0x10 c:/program files (x86)/atmel/avr tools/avr toolchain/bin/../lib/gcc/avr/4.5.1/avr5\libgcc.a(_pack_sf.o)
                                0x1d2 (size before relaxing)
 .debug_str     0x00000c9d        0xb c:/program files (x86)/atmel/avr tools/avr toolchain/bin/../lib/gcc/avr/4.5.1/avr5\libgcc.a(_unpack_sf.o)
                                0x1b4 (size before relaxing)
 .debug_str     0x00000ca8       0x10 c:/program files (x86)/atmel/avr tools/avr toolchain/bin/../lib/gcc/avr/4.5.1/avr5\libgcc.a(_fpcmp_parts_sf.o)
                                0x198 (size before relaxing)
 .debug_str     0x00000000      0x14b c:/program files (x86)/atmel/avr tools/avr toolchain/bin/../lib/gcc/avr/4.5.1/avr5\libgcc.a(_clz.o)
 .debug_str     0x00000cb8       0x5f c:/program files (x86)/atmel/avr tools/avr toolchain/bin/../lib/gcc/avr/4.5.1/../../../../avr/lib/avr5\libc.a(strtok.o)
                                 0x7d (size before relaxing)
 .debug_str     0x00000d17       0x4e c:/program files (x86)/atmel/avr tools/avr toolchain/bin/../lib/gcc/avr/4.5.1/../../../../avr/lib/avr5\libc.a(iob.o)
                                 0xf2 (size before relaxing)
 .debug_str     0x00000d65       0x72 c:/program files (x86)/atmel/avr tools/avr toolchain/bin/../lib/gcc/avr/4.5.1/../../../../avr/lib/avr5\libc.a(printf.o)
                                0x125 (size before relaxing)
 .debug_str     0x00000dd7       0x54 c:/program files (x86)/atmel/avr tools/avr toolchain/bin/../lib/gcc/avr/4.5.1/../../../../avr/lib/avr5\libc.a(puts.o)
                                 0xf8 (size before relaxing)
 .debug_str     0x00000e2b       0xa9 c:/program files (x86)/atmel/avr tools/avr toolchain/bin/../lib/gcc/avr/4.5.1/../../../../avr/lib/avr5\libc.a(vfprintf_std.o)
                                0x177 (size before relaxing)
 .debug_str     0x00000ed4       0x56 c:/program files (x86)/atmel/avr tools/avr toolchain/bin/../lib/gcc/avr/4.5.1/../../../../avr/lib/avr5\libc.a(fputc.o)
                                 0xfb (size before relaxing)

.debug_loc      0x00000000     0x2250
 *(.debug_loc)
 .debug_loc     0x00000000       0x85 main.o
 .debug_loc     0x00000085       0x36 UART.o
 .debug_loc     0x000000bb       0x36 Sonar.o
 .debug_loc     0x000000f1       0x64 ADC.o
 .debug_loc     0x00000155      0x10b EEPROM.o
 .debug_loc     0x00000260       0xac App.o
 .debug_loc     0x0000030c      0x156 twi.o
 .debug_loc     0x00000462      0x168 twi-lowlevel.o
 .debug_loc     0x000005ca      0x7b9 rtc.o
 .debug_loc     0x00000d83       0x28 rtc_startup.o
 .debug_loc     0x00000dab       0x34 c:/program files (x86)/atmel/avr tools/avr toolchain/bin/../lib/gcc/avr/4.5.1/avr5\libgcc.a(_fixunssfsi.o)
 .debug_loc     0x00000ddf      0x31d c:/program files (x86)/atmel/avr tools/avr toolchain/bin/../lib/gcc/avr/4.5.1/avr5\libgcc.a(_addsub_sf.o)
 .debug_loc     0x000010fc      0x2a4 c:/program files (x86)/atmel/avr tools/avr toolchain/bin/../lib/gcc/avr/4.5.1/avr5\libgcc.a(_mul_sf.o)
 .debug_loc     0x000013a0      0x1ac c:/program files (x86)/atmel/avr tools/avr toolchain/bin/../lib/gcc/avr/4.5.1/avr5\libgcc.a(_div_sf.o)
 .debug_loc     0x0000154c       0x48 c:/program files (x86)/atmel/avr tools/avr toolchain/bin/../lib/gcc/avr/4.5.1/avr5\libgcc.a(_ge_sf.o)
 .debug_loc     0x00001594       0x56 c:/program files (x86)/atmel/avr tools/avr toolchain/bin/../lib/gcc/avr/4.5.1/avr5\libgcc.a(_sf_to_si.o)
 .debug_loc     0x000015ea       0x96 c:/program files (x86)/atmel/avr tools/avr toolchain/bin/../lib/gcc/avr/4.5.1/avr5\libgcc.a(_usi_to_sf.o)
 .debug_loc     0x00001680       0xb2 c:/program files (x86)/atmel/avr tools/avr toolchain/bin/../lib/gcc/avr/4.5.1/avr5\libgcc.a(_clzsi2.o)
 .debug_loc     0x00001732      0x1f5 c:/program files (x86)/atmel/avr tools/avr toolchain/bin/../lib/gcc/avr/4.5.1/avr5\libgcc.a(_pack_sf.o)
 .debug_loc     0x00001927      0x111 c:/program files (x86)/atmel/avr tools/avr toolchain/bin/../lib/gcc/avr/4.5.1/avr5\libgcc.a(_unpack_sf.o)
 .debug_loc     0x00001a38       0x50 c:/program files (x86)/atmel/avr tools/avr toolchain/bin/../lib/gcc/avr/4.5.1/avr5\libgcc.a(_fpcmp_parts_sf.o)
 .debug_loc     0x00001a88       0x30 c:/program files (x86)/atmel/avr tools/avr toolchain/bin/../lib/gcc/avr/4.5.1/../../../../avr/lib/avr5\libc.a(strtok.o)
 .debug_loc     0x00001ab8       0xa7 c:/program files (x86)/atmel/avr tools/avr toolchain/bin/../lib/gcc/avr/4.5.1/../../../../avr/lib/avr5\libc.a(puts.o)
 .debug_loc     0x00001b5f      0x6a1 c:/program files (x86)/atmel/avr tools/avr toolchain/bin/../lib/gcc/avr/4.5.1/../../../../avr/lib/avr5\libc.a(vfprintf_std.o)
 .debug_loc     0x00002200       0x50 c:/program files (x86)/atmel/avr tools/avr toolchain/bin/../lib/gcc/avr/4.5.1/../../../../avr/lib/avr5\libc.a(fputc.o)

.debug_macinfo
 *(.debug_macinfo)
OUTPUT(RN_V0.elf elf32-avr)
LOAD linker stubs

.debug_pubtypes
                0x00000000      0x8dc
 .debug_pubtypes
                0x00000000       0x43 main.o
 .debug_pubtypes
                0x00000043       0x29 UART.o
 .debug_pubtypes
                0x0000006c       0x38 Sonar.o
 .debug_pubtypes
                0x000000a4       0x2b ADC.o
 .debug_pubtypes
                0x000000cf       0x36 EEPROM.o
 .debug_pubtypes
                0x00000105       0x2b Wakeups.o
 .debug_pubtypes
                0x00000130       0x4a App.o
 .debug_pubtypes
                0x0000017a       0x29 twi.o
 .debug_pubtypes
                0x000001a3       0x2b twi-lowlevel.o
 .debug_pubtypes
                0x000001ce       0x41 rtc.o
 .debug_pubtypes
                0x0000020f       0x1e rtc_startup.o
 .debug_pubtypes
                0x0000022d       0x34 c:/program files (x86)/atmel/avr tools/avr toolchain/bin/../lib/gcc/avr/4.5.1/avr5\libgcc.a(_fixunssfsi.o)
 .debug_pubtypes
                0x00000261       0x9d c:/program files (x86)/atmel/avr tools/avr toolchain/bin/../lib/gcc/avr/4.5.1/avr5\libgcc.a(_addsub_sf.o)
 .debug_pubtypes
                0x000002fe       0x86 c:/program files (x86)/atmel/avr tools/avr toolchain/bin/../lib/gcc/avr/4.5.1/avr5\libgcc.a(_mul_sf.o)
 .debug_pubtypes
                0x00000384       0x86 c:/program files (x86)/atmel/avr tools/avr toolchain/bin/../lib/gcc/avr/4.5.1/avr5\libgcc.a(_div_sf.o)
 .debug_pubtypes
                0x0000040a       0x91 c:/program files (x86)/atmel/avr tools/avr toolchain/bin/../lib/gcc/avr/4.5.1/avr5\libgcc.a(_ge_sf.o)
 .debug_pubtypes
                0x0000049b       0x91 c:/program files (x86)/atmel/avr tools/avr toolchain/bin/../lib/gcc/avr/4.5.1/avr5\libgcc.a(_sf_to_si.o)
 .debug_pubtypes
                0x0000052c       0x5b c:/program files (x86)/atmel/avr tools/avr toolchain/bin/../lib/gcc/avr/4.5.1/avr5\libgcc.a(_thenan_sf.o)
 .debug_pubtypes
                0x00000587       0x73 c:/program files (x86)/atmel/avr tools/avr toolchain/bin/../lib/gcc/avr/4.5.1/avr5\libgcc.a(_usi_to_sf.o)
 .debug_pubtypes
                0x000005fa       0x35 c:/program files (x86)/atmel/avr tools/avr toolchain/bin/../lib/gcc/avr/4.5.1/avr5\libgcc.a(_clzsi2.o)
 .debug_pubtypes
                0x0000062f       0x86 c:/program files (x86)/atmel/avr tools/avr toolchain/bin/../lib/gcc/avr/4.5.1/avr5\libgcc.a(_pack_sf.o)
 .debug_pubtypes
                0x000006b5       0x86 c:/program files (x86)/atmel/avr tools/avr toolchain/bin/../lib/gcc/avr/4.5.1/avr5\libgcc.a(_unpack_sf.o)
 .debug_pubtypes
                0x0000073b       0x5b c:/program files (x86)/atmel/avr tools/avr toolchain/bin/../lib/gcc/avr/4.5.1/avr5\libgcc.a(_fpcmp_parts_sf.o)
 .debug_pubtypes
                0x00000796       0x1e c:/program files (x86)/atmel/avr tools/avr toolchain/bin/../lib/gcc/avr/4.5.1/avr5\libgcc.a(_clz.o)
 .debug_pubtypes
                0x000007b4       0x12 c:/program files (x86)/atmel/avr tools/avr toolchain/bin/../lib/gcc/avr/4.5.1/../../../../avr/lib/avr5\libc.a(strtok.o)
 .debug_pubtypes
                0x000007c6       0x29 c:/program files (x86)/atmel/avr tools/avr toolchain/bin/../lib/gcc/avr/4.5.1/../../../../avr/lib/avr5\libc.a(iob.o)
 .debug_pubtypes
                0x000007ef       0x48 c:/program files (x86)/atmel/avr tools/avr toolchain/bin/../lib/gcc/avr/4.5.1/../../../../avr/lib/avr5\libc.a(printf.o)
 .debug_pubtypes
                0x00000837       0x29 c:/program files (x86)/atmel/avr tools/avr toolchain/bin/../lib/gcc/avr/4.5.1/../../../../avr/lib/avr5\libc.a(puts.o)
 .debug_pubtypes
                0x00000860       0x53 c:/program files (x86)/atmel/avr tools/avr toolchain/bin/../lib/gcc/avr/4.5.1/../../../../avr/lib/avr5\libc.a(vfprintf_std.o)
 .debug_pubtypes
                0x000008b3       0x29 c:/program files (x86)/atmel/avr tools/avr toolchain/bin/../lib/gcc/avr/4.5.1/../../../../avr/lib/avr5\libc.a(fputc.o)

.debug_ranges   0x00000000      0x100
 .debug_ranges  0x00000000       0x18 Wakeups.o
 .debug_ranges  0x00000018       0x18 rtc.o
 .debug_ranges  0x00000030       0x30 c:/program files (x86)/atmel/avr tools/avr toolchain/bin/../lib/gcc/avr/4.5.1/avr5\libgcc.a(_mul_sf.o)
 .debug_ranges  0x00000060       0x38 c:/program files (x86)/atmel/avr tools/avr toolchain/bin/../lib/gcc/avr/4.5.1/avr5\libgcc.a(_div_sf.o)
 .debug_ranges  0x00000098       0x10 c:/program files (x86)/atmel/avr tools/avr toolchain/bin/../lib/gcc/avr/4.5.1/../../../../avr/lib/avr5\libc.a(strtok.o)
 .debug_ranges  0x000000a8       0x10 c:/program files (x86)/atmel/avr tools/avr toolchain/bin/../lib/gcc/avr/4.5.1/../../../../avr/lib/avr5\libc.a(printf.o)
 .debug_ranges  0x000000b8       0x10 c:/program files (x86)/atmel/avr tools/avr toolchain/bin/../lib/gcc/avr/4.5.1/../../../../avr/lib/avr5\libc.a(puts.o)
 .debug_ranges  0x000000c8       0x28 c:/program files (x86)/atmel/avr tools/avr toolchain/bin/../lib/gcc/avr/4.5.1/../../../../avr/lib/avr5\libc.a(vfprintf_std.o)
 .debug_ranges  0x000000f0       0x10 c:/program files (x86)/atmel/avr tools/avr toolchain/bin/../lib/gcc/avr/4.5.1/../../../../avr/lib/avr5\libc.a(fputc.o)
